Archive member included to satisfy reference by file (symbol)

/home/lsh/gnu_toolchain/xpack-arm-none-eabi-gcc-14.2.1-1.1/bin/../lib/gcc/arm-none-eabi/14.2.1/../../../../arm-none-eabi/lib/thumb/v7-m/nofp/libc_nano.a(libc_a-atexit.o)
                              /home/lsh/gnu_toolchain/xpack-arm-none-eabi-gcc-14.2.1-1.1/bin/../lib/gcc/arm-none-eabi/14.2.1/../../../../arm-none-eabi/lib/thumb/v7-m/nofp/crt0.o (atexit)
/home/lsh/gnu_toolchain/xpack-arm-none-eabi-gcc-14.2.1-1.1/bin/../lib/gcc/arm-none-eabi/14.2.1/../../../../arm-none-eabi/lib/thumb/v7-m/nofp/libc_nano.a(libc_a-exit.o)
                              /home/lsh/gnu_toolchain/xpack-arm-none-eabi-gcc-14.2.1-1.1/bin/../lib/gcc/arm-none-eabi/14.2.1/../../../../arm-none-eabi/lib/thumb/v7-m/nofp/crt0.o (exit)
/home/lsh/gnu_toolchain/xpack-arm-none-eabi-gcc-14.2.1-1.1/bin/../lib/gcc/arm-none-eabi/14.2.1/../../../../arm-none-eabi/lib/thumb/v7-m/nofp/libc_nano.a(libc_a-nano-vfprintf_float.o)
                              (_printf_float)
/home/lsh/gnu_toolchain/xpack-arm-none-eabi-gcc-14.2.1-1.1/bin/../lib/gcc/arm-none-eabi/14.2.1/../../../../arm-none-eabi/lib/thumb/v7-m/nofp/libc_nano.a(libc_a-nano-vfprintf_i.o)
                              /home/lsh/gnu_toolchain/xpack-arm-none-eabi-gcc-14.2.1-1.1/bin/../lib/gcc/arm-none-eabi/14.2.1/../../../../arm-none-eabi/lib/thumb/v7-m/nofp/libc_nano.a(libc_a-nano-vfprintf_float.o) (_printf_common)
/home/lsh/gnu_toolchain/xpack-arm-none-eabi-gcc-14.2.1-1.1/bin/../lib/gcc/arm-none-eabi/14.2.1/../../../../arm-none-eabi/lib/thumb/v7-m/nofp/libc_nano.a(libc_a-findfp.o)
                              /home/lsh/gnu_toolchain/xpack-arm-none-eabi-gcc-14.2.1-1.1/bin/../lib/gcc/arm-none-eabi/14.2.1/../../../../arm-none-eabi/lib/thumb/v7-m/nofp/libc_nano.a(libc_a-exit.o) (__stdio_exit_handler)
/home/lsh/gnu_toolchain/xpack-arm-none-eabi-gcc-14.2.1-1.1/bin/../lib/gcc/arm-none-eabi/14.2.1/../../../../arm-none-eabi/lib/thumb/v7-m/nofp/libc_nano.a(libc_a-fwalk.o)
                              /home/lsh/gnu_toolchain/xpack-arm-none-eabi-gcc-14.2.1-1.1/bin/../lib/gcc/arm-none-eabi/14.2.1/../../../../arm-none-eabi/lib/thumb/v7-m/nofp/libc_nano.a(libc_a-findfp.o) (_fwalk_sglue)
/home/lsh/gnu_toolchain/xpack-arm-none-eabi-gcc-14.2.1-1.1/bin/../lib/gcc/arm-none-eabi/14.2.1/../../../../arm-none-eabi/lib/thumb/v7-m/nofp/libc_nano.a(libc_a-stdio.o)
                              /home/lsh/gnu_toolchain/xpack-arm-none-eabi-gcc-14.2.1-1.1/bin/../lib/gcc/arm-none-eabi/14.2.1/../../../../arm-none-eabi/lib/thumb/v7-m/nofp/libc_nano.a(libc_a-findfp.o) (__sread)
/home/lsh/gnu_toolchain/xpack-arm-none-eabi-gcc-14.2.1-1.1/bin/../lib/gcc/arm-none-eabi/14.2.1/../../../../arm-none-eabi/lib/thumb/v7-m/nofp/libc_nano.a(libc_a-memset.o)
                              /home/lsh/gnu_toolchain/xpack-arm-none-eabi-gcc-14.2.1-1.1/bin/../lib/gcc/arm-none-eabi/14.2.1/../../../../arm-none-eabi/lib/thumb/v7-m/nofp/crt0.o (memset)
/home/lsh/gnu_toolchain/xpack-arm-none-eabi-gcc-14.2.1-1.1/bin/../lib/gcc/arm-none-eabi/14.2.1/../../../../arm-none-eabi/lib/thumb/v7-m/nofp/libc_nano.a(libc_a-localeconv.o)
                              /home/lsh/gnu_toolchain/xpack-arm-none-eabi-gcc-14.2.1-1.1/bin/../lib/gcc/arm-none-eabi/14.2.1/../../../../arm-none-eabi/lib/thumb/v7-m/nofp/libc_nano.a(libc_a-nano-vfprintf_float.o) (_localeconv_r)
/home/lsh/gnu_toolchain/xpack-arm-none-eabi-gcc-14.2.1-1.1/bin/../lib/gcc/arm-none-eabi/14.2.1/../../../../arm-none-eabi/lib/thumb/v7-m/nofp/libc_nano.a(libc_a-closer.o)
                              /home/lsh/gnu_toolchain/xpack-arm-none-eabi-gcc-14.2.1-1.1/bin/../lib/gcc/arm-none-eabi/14.2.1/../../../../arm-none-eabi/lib/thumb/v7-m/nofp/libc_nano.a(libc_a-stdio.o) (_close_r)
/home/lsh/gnu_toolchain/xpack-arm-none-eabi-gcc-14.2.1-1.1/bin/../lib/gcc/arm-none-eabi/14.2.1/../../../../arm-none-eabi/lib/thumb/v7-m/nofp/libc_nano.a(libc_a-reent.o)
                              /home/lsh/gnu_toolchain/xpack-arm-none-eabi-gcc-14.2.1-1.1/bin/../lib/gcc/arm-none-eabi/14.2.1/../../../../arm-none-eabi/lib/thumb/v7-m/nofp/libc_nano.a(libc_a-closer.o) (errno)
/home/lsh/gnu_toolchain/xpack-arm-none-eabi-gcc-14.2.1-1.1/bin/../lib/gcc/arm-none-eabi/14.2.1/../../../../arm-none-eabi/lib/thumb/v7-m/nofp/libc_nano.a(libc_a-impure.o)
                              /home/lsh/gnu_toolchain/xpack-arm-none-eabi-gcc-14.2.1-1.1/bin/../lib/gcc/arm-none-eabi/14.2.1/../../../../arm-none-eabi/lib/thumb/v7-m/nofp/libc_nano.a(libc_a-reent.o) (_impure_ptr)
/home/lsh/gnu_toolchain/xpack-arm-none-eabi-gcc-14.2.1-1.1/bin/../lib/gcc/arm-none-eabi/14.2.1/../../../../arm-none-eabi/lib/thumb/v7-m/nofp/libc_nano.a(libc_a-lseekr.o)
                              /home/lsh/gnu_toolchain/xpack-arm-none-eabi-gcc-14.2.1-1.1/bin/../lib/gcc/arm-none-eabi/14.2.1/../../../../arm-none-eabi/lib/thumb/v7-m/nofp/libc_nano.a(libc_a-stdio.o) (_lseek_r)
[...]
Memory Configuration

Name             Origin             Length             Attributes
RAM              0x20000000         0x00005000         xrw
FLASH            0x08000000         0x00010000         xr
*default*        0x00000000         0xffffffff

Linker script and memory map

LOAD /home/lsh/gnu_toolchain/xpack-arm-none-eabi-gcc-14.2.1-1.1/bin/../lib/gcc/arm-none-eabi/14.2.1/thumb/v7-m/nofp/crti.o
LOAD /home/lsh/gnu_toolchain/xpack-arm-none-eabi-gcc-14.2.1-1.1/bin/../lib/gcc/arm-none-eabi/14.2.1/thumb/v7-m/nofp/crtbegin.o
LOAD /home/lsh/gnu_toolchain/xpack-arm-none-eabi-gcc-14.2.1-1.1/bin/../lib/gcc/arm-none-eabi/14.2.1/../../../../arm-none-eabi/lib/thumb/v7-m/nofp/crt0.o
START GROUP
LOAD /home/lsh/gnu_toolchain/xpack-arm-none-eabi-gcc-14.2.1-1.1/bin/../lib/gcc/arm-none-eabi/14.2.1/../../../../arm-none-eabi/lib/thumb/v7-m/nofp/libc_nano.a
LOAD /home/lsh/gnu_toolchain/xpack-arm-none-eabi-gcc-14.2.1-1.1/bin/../lib/gcc/arm-none-eabi/14.2.1/../../../../arm-none-eabi/lib/thumb/v7-m/nofp/libm.a
END GROUP
LOAD /home/lsh/gnu_toolchain/xpack-arm-none-eabi-gcc-14.2.1-1.1/bin/../lib/gcc/arm-none-eabi/14.2.1/../../../../arm-none-eabi/lib/thumb/v7-m/nofp/libm.a
LOAD CMakeFiles/dome.dir/Core/Src/main.c.obj
LOAD CMakeFiles/dome.dir/Core/Src/gpio.c.obj
LOAD CMakeFiles/dome.dir/Core/Src/stm32f1xx_it.c.obj
LOAD CMakeFiles/dome.dir/Core/Src/stm32f1xx_hal_msp.c.obj
LOAD CMakeFiles/dome.dir/Core/Src/sysmem.c.obj
LOAD CMakeFiles/dome.dir/Core/Src/syscalls.c.obj
LOAD CMakeFiles/dome.dir/startup_stm32f103xb.s.obj
LOAD cmake/stm32cubemx/CMakeFiles/STM32_Drivers.dir/__/__/Core/Src/system_stm32f1xx.c.obj
LOAD cmake/stm32cubemx/CMakeFiles/STM32_Drivers.dir/__/__/Drivers/STM32F1xx_HAL_Driver/Src/stm32f1xx_hal_gpio_ex.c.obj
LOAD cmake/stm32cubemx/CMakeFiles/STM32_Drivers.dir/__/__/Drivers/STM32F1xx_HAL_Driver/Src/stm32f1xx_hal.c.obj
LOAD cmake/stm32cubemx/CMakeFiles/STM32_Drivers.dir/__/__/Drivers/STM32F1xx_HAL_Driver/Src/stm32f1xx_hal_rcc.c.obj
LOAD cmake/stm32cubemx/CMakeFiles/STM32_Drivers.dir/__/__/Drivers/STM32F1xx_HAL_Driver/Src/stm32f1xx_hal_rcc_ex.c.obj
LOAD cmake/stm32cubemx/CMakeFiles/STM32_Drivers.dir/__/__/Drivers/STM32F1xx_HAL_Driver/Src/stm32f1xx_hal_gpio.c.obj
LOAD cmake/stm32cubemx/CMakeFiles/STM32_Drivers.dir/__/__/Drivers/STM32F1xx_HAL_Driver/Src/stm32f1xx_hal_dma.c.obj
LOAD cmake/stm32cubemx/CMakeFiles/STM32_Drivers.dir/__/__/Drivers/STM32F1xx_HAL_Driver/Src/stm32f1xx_hal_cortex.c.obj
LOAD cmake/stm32cubemx/CMakeFiles/STM32_Drivers.dir/__/__/Drivers/STM32F1xx_HAL_Driver/Src/stm32f1xx_hal_pwr.c.obj
LOAD cmake/stm32cubemx/CMakeFiles/STM32_Drivers.dir/__/__/Drivers/STM32F1xx_HAL_Driver/Src/stm32f1xx_hal_flash.c.obj
LOAD cmake/stm32cubemx/CMakeFiles/STM32_Drivers.dir/__/__/Drivers/STM32F1xx_HAL_Driver/Src/stm32f1xx_hal_flash_ex.c.obj
LOAD cmake/stm32cubemx/CMakeFiles/STM32_Drivers.dir/__/__/Drivers/STM32F1xx_HAL_Driver/Src/stm32f1xx_hal_exti.c.obj
START GROUP
LOAD /home/lsh/gnu_toolchain/xpack-arm-none-eabi-gcc-14.2.1-1.1/bin/../lib/gcc/arm-none-eabi/14.2.1/thumb/v7-m/nofp/libgcc.a
LOAD /home/lsh/gnu_toolchain/xpack-arm-none-eabi-gcc-14.2.1-1.1/bin/../lib/gcc/arm-none-eabi/14.2.1/../../../../arm-none-eabi/lib/thumb/v7-m/nofp/libg_nano.a
LOAD /home/lsh/gnu_toolchain/xpack-arm-none-eabi-gcc-14.2.1-1.1/bin/../lib/gcc/arm-none-eabi/14.2.1/../../../../arm-none-eabi/lib/thumb/v7-m/nofp/libc_nano.a
END GROUP
START GROUP
LOAD /home/lsh/gnu_toolchain/xpack-arm-none-eabi-gcc-14.2.1-1.1/bin/../lib/gcc/arm-none-eabi/14.2.1/thumb/v7-m/nofp/libgcc.a
LOAD /home/lsh/gnu_toolchain/xpack-arm-none-eabi-gcc-14.2.1-1.1/bin/../lib/gcc/arm-none-eabi/14.2.1/../../../../arm-none-eabi/lib/thumb/v7-m/nofp/libc_nano.a
END GROUP
LOAD /home/lsh/gnu_toolchain/xpack-arm-none-eabi-gcc-14.2.1-1.1/bin/../lib/gcc/arm-none-eabi/14.2.1/thumb/v7-m/nofp/crtend.o
LOAD /home/lsh/gnu_toolchain/xpack-arm-none-eabi-gcc-14.2.1-1.1/bin/../lib/gcc/arm-none-eabi/14.2.1/thumb/v7-m/nofp/crtn.o
                0x20005000                        _estack = (ORIGIN (RAM) + LENGTH (RAM))
                0x00000200                        _Min_Heap_Size = 0x200
                0x00000400                        _Min_Stack_Size = 0x400

.isr_vector     0x08000000      0x10c
                0x08000000                        . = ALIGN (0x4)
 *(.isr_vector)
 .isr_vector    0x08000000      0x10c CMakeFiles/dome.dir/startup_stm32f103xb.s.obj
                0x08000000                g_pfnVectors
                0x0800010c                        . = ALIGN (0x4)

.text           0x08000110     0x443c
                0x08000110                        . = ALIGN (0x4)
 *(.text)
 .text          0x08000110       0x10 /home/lsh/gnu_toolchain/xpack-arm-none-eabi-gcc-14.2.1-1.1/bin/../lib/gcc/arm-none-eabi/14.2.1/../../../../arm-none-eabi/lib/thumb/v7-m/nofp/libc_nano.a(libc_a-strlen.o)
                0x08000110                strlen
 .text          0x08000120      0x378 /home/lsh/gnu_toolchain/xpack-arm-none-eabi-gcc-14.2.1-1.1/bin/../lib/gcc/arm-none-eabi/14.2.1/thumb/v7-m/nofp/libgcc.a(_arm_addsubdf3.o)
                0x08000120                __aeabi_drsub
                0x08000128                __aeabi_dsub
                0x08000128                __subdf3
                0x0800012c                __adddf3
                0x0800012c                __aeabi_dadd
                0x080003a4                __aeabi_ui2d
                0x080003a4                __floatunsidf
                0x080003c4                __floatsidf
                0x080003c4                __aeabi_i2d
                0x080003e8                __extendsfdf2
                0x080003e8                __aeabi_f2d
                0x0800042c                __aeabi_ul2d
                0x0800042c                __floatundidf
                0x0800043c                __floatdidf
                0x0800043c                __aeabi_l2d
 .text          0x08000498      0x424 /home/lsh/gnu_toolchain/xpack-arm-none-eabi-gcc-14.2.1-1.1/bin/../lib/gcc/arm-none-eabi/14.2.1/thumb/v7-m/nofp/libgcc.a(_arm_muldivdf3.o)
                0x08000498                __aeabi_dmul
                0x08000498                __muldf3
                0x080006ec                __aeabi_ddiv
                0x080006ec                __divdf3
 .text          0x080008bc      0x110 /home/lsh/gnu_toolchain/xpack-arm-none-eabi-gcc-14.2.1-1.1/bin/../lib/gcc/arm-none-eabi/14.2.1/thumb/v7-m/nofp/libgcc.a(_arm_cmpdf2.o)
                0x080008bc                __gtdf2
                0x080008bc                __gedf2
                0x080008c4                __ltdf2
                0x080008c4                __ledf2
                0x080008cc                __cmpdf2
                0x080008cc                __eqdf2
                0x080008cc                __nedf2
                0x08000948                __aeabi_cdrcmple
                0x08000958                __aeabi_cdcmple
                0x08000958                __aeabi_cdcmpeq
                0x08000968                __aeabi_dcmpeq
                0x0800097c                __aeabi_dcmplt
                0x08000990                __aeabi_dcmple
                0x080009a4                __aeabi_dcmpge
                0x080009b8                __aeabi_dcmpgt
 .text          0x080009cc       0x2c /home/lsh/gnu_toolchain/xpack-arm-none-eabi-gcc-14.2.1-1.1/bin/../lib/gcc/arm-none-eabi/14.2.1/thumb/v7-m/nofp/libgcc.a(_arm_unorddf2.o)
                0x080009cc                __aeabi_dcmpun
                0x080009cc                __unorddf2
 .text          0x080009f8       0x50 /home/lsh/gnu_toolchain/xpack-arm-none-eabi-gcc-14.2.1-1.1/bin/../lib/gcc/arm-none-eabi/14.2.1/thumb/v7-m/nofp/libgcc.a(_arm_fixdfsi.o)
                0x080009f8                __fixdfsi
                0x080009f8                __aeabi_d2iz
 *(.text*)
 .text.__do_global_dtors_aux
                0x08000a48       0x24 /home/lsh/gnu_toolchain/xpack-arm-none-eabi-gcc-14.2.1-1.1/bin/../lib/gcc/arm-none-eabi/14.2.1/thumb/v7-m/nofp/crtbegin.o
 .text.frame_dummy
                0x08000a6c       0x1c /home/lsh/gnu_toolchain/xpack-arm-none-eabi-gcc-14.2.1-1.1/bin/../lib/gcc/arm-none-eabi/14.2.1/thumb/v7-m/nofp/crtbegin.o
 .text.__cvt    0x08000a88       0xc8 /home/lsh/gnu_toolchain/xpack-arm-none-eabi-gcc-14.2.1-1.1/bin/../lib/gcc/arm-none-eabi/14.2.1/../../../../arm-none-eabi/lib/thumb/v7-m/nofp/libc_nano.a(libc_a-nano-vfprintf_float.o)
                0x08000a88                __cvt
 .text.__exponent
                0x08000b50       0x74 /home/lsh/gnu_toolchain/xpack-arm-none-eabi-gcc-14.2.1-1.1/bin/../lib/gcc/arm-none-eabi/14.2.1/../../../../arm-none-eabi/lib/thumb/v7-m/nofp/libc_nano.a(libc_a-nano-vfprintf_float.o)
                0x08000b50                __exponent
 .text._printf_float
                0x08000bc4      0x458 /home/lsh/gnu_toolchain/xpack-arm-none-eabi-gcc-14.2.1-1.1/bin/../lib/gcc/arm-none-eabi/14.2.1/../../../../arm-none-eabi/lib/thumb/v7-m/nofp/libc_nano.a(libc_a-nano-vfprintf_float.o)
                0x08000bc4                _printf_float
 .text._printf_common
                0x0800101c       0xe4 /home/lsh/gnu_toolchain/xpack-arm-none-eabi-gcc-14.2.1-1.1/bin/../lib/gcc/arm-none-eabi/14.2.1/../../../../arm-none-eabi/lib/thumb/v7-m/nofp/libc_nano.a(libc_a-nano-vfprintf_i.o)
                0x0800101c                _printf_common
 .text._printf_i
                0x08001100      0x240 /home/lsh/gnu_toolchain/xpack-arm-none-eabi-gcc-14.2.1-1.1/bin/../lib/gcc/arm-none-eabi/14.2.1/../../../../arm-none-eabi/lib/thumb/v7-m/nofp/libc_nano.a(libc_a-nano-vfprintf_i.o)
                0x08001100                _printf_i
 .text.std      0x08001340       0x6c /home/lsh/gnu_toolchain/xpack-arm-none-eabi-gcc-14.2.1-1.1/bin/../lib/gcc/arm-none-eabi/14.2.1/../../../../arm-none-eabi/lib/thumb/v7-m/nofp/libc_nano.a(libc_a-findfp.o)
 .text.stdio_exit_handler
                0x080013ac       0x18 /home/lsh/gnu_toolchain/xpack-arm-none-eabi-gcc-14.2.1-1.1/bin/../lib/gcc/arm-none-eabi/14.2.1/../../../../arm-none-eabi/lib/thumb/v7-m/nofp/libc_nano.a(libc_a-findfp.o)
 .text.cleanup_stdio
                0x080013c4       0x40 /home/lsh/gnu_toolchain/xpack-arm-none-eabi-gcc-14.2.1-1.1/bin/../lib/gcc/arm-none-eabi/14.2.1/../../../../arm-none-eabi/lib/thumb/v7-m/nofp/libc_nano.a(libc_a-findfp.o)
 .text.global_stdio_init.part.0
                0x08001404       0x40 /home/lsh/gnu_toolchain/xpack-arm-none-eabi-gcc-14.2.1-1.1/bin/../lib/gcc/arm-none-eabi/14.2.1/../../../../arm-none-eabi/lib/thumb/v7-m/nofp/libc_nano.a(libc_a-findfp.o)
 .text.__sfp_lock_acquire
                0x08001444        0xc /home/lsh/gnu_toolchain/xpack-arm-none-eabi-gcc-14.2.1-1.1/bin/../lib/gcc/arm-none-eabi/14.2.1/../../../../arm-none-eabi/lib/thumb/v7-m/nofp/libc_nano.a(libc_a-findfp.o)
                0x08001444                __sfp_lock_acquire
 .text.__sfp_lock_release
                0x08001450        0xc /home/lsh/gnu_toolchain/xpack-arm-none-eabi-gcc-14.2.1-1.1/bin/../lib/gcc/arm-none-eabi/14.2.1/../../../../arm-none-eabi/lib/thumb/v7-m/nofp/libc_nano.a(libc_a-findfp.o)
                0x08001450                __sfp_lock_release
 .text.__sinit  0x0800145c       0x30 /home/lsh/gnu_toolchain/xpack-arm-none-eabi-gcc-14.2.1-1.1/bin/../lib/gcc/arm-none-eabi/14.2.1/../../../../arm-none-eabi/lib/thumb/v7-m/nofp/libc_nano.a(libc_a-findfp.o)
                0x0800145c                __sinit
 .text._fwalk_sglue
                0x0800148c       0x3c /home/lsh/gnu_toolchain/xpack-arm-none-eabi-gcc-14.2.1-1.1/bin/../lib/gcc/arm-none-eabi/14.2.1/../../../../arm-none-eabi/lib/thumb/v7-m/nofp/libc_nano.a(libc_a-fwalk.o)
                0x0800148c                _fwalk_sglue
 .text.__sread  0x080014c8       0x22 /home/lsh/gnu_toolchain/xpack-arm-none-eabi-gcc-14.2.1-1.1/bin/../lib/gcc/arm-none-eabi/14.2.1/../../../../arm-none-eabi/lib/thumb/v7-m/nofp/libc_nano.a(libc_a-stdio.o)
                0x080014c8                __sread
 .text.__swrite
                0x080014ea       0x38 /home/lsh/gnu_toolchain/xpack-arm-none-eabi-gcc-14.2.1-1.1/bin/../lib/gcc/arm-none-eabi/14.2.1/../../../../arm-none-eabi/lib/thumb/v7-m/nofp/libc_nano.a(libc_a-stdio.o)
                0x080014ea                __swrite
 .text.__sseek  0x08001522       0x26 /home/lsh/gnu_toolchain/xpack-arm-none-eabi-gcc-14.2.1-1.1/bin/../lib/gcc/arm-none-eabi/14.2.1/../../../../arm-none-eabi/lib/thumb/v7-m/nofp/libc_nano.a(libc_a-stdio.o)
                0x08001522                __sseek
 .text.__sclose
                0x08001548        0x8 /home/lsh/gnu_toolchain/xpack-arm-none-eabi-gcc-14.2.1-1.1/bin/../lib/gcc/arm-none-eabi/14.2.1/../../../../arm-none-eabi/lib/thumb/v7-m/nofp/libc_nano.a(libc_a-stdio.o)
                0x08001548                __sclose
 .text.memset   0x08001550       0x10 /home/lsh/gnu_toolchain/xpack-arm-none-eabi-gcc-14.2.1-1.1/bin/../lib/gcc/arm-none-eabi/14.2.1/../../../../arm-none-eabi/lib/thumb/v7-m/nofp/libc_nano.a(libc_a-memset.o)
                0x08001550                memset
 .text._localeconv_r
                0x08001560        0x8 /home/lsh/gnu_toolchain/xpack-arm-none-eabi-gcc-14.2.1-1.1/bin/../lib/gcc/arm-none-eabi/14.2.1/../../../../arm-none-eabi/lib/thumb/v7-m/nofp/libc_nano.a(libc_a-localeconv.o)
                0x08001560                _localeconv_r
 .text._close_r
                0x08001568       0x20 /home/lsh/gnu_toolchain/xpack-arm-none-eabi-gcc-14.2.1-1.1/bin/../lib/gcc/arm-none-eabi/14.2.1/../../../../arm-none-eabi/lib/thumb/v7-m/nofp/libc_nano.a(libc_a-closer.o)
                0x08001568                _close_r
 .text._lseek_r
                0x08001588       0x24 /home/lsh/gnu_toolchain/xpack-arm-none-eabi-gcc-14.2.1-1.1/bin/../lib/gcc/arm-none-eabi/14.2.1/../../../../arm-none-eabi/lib/thumb/v7-m/nofp/libc_nano.a(libc_a-lseekr.o)
                0x08001588                _lseek_r
 .text._read_r  0x080015ac       0x24 /home/lsh/gnu_toolchain/xpack-arm-none-eabi-gcc-14.2.1-1.1/bin/../lib/gcc/arm-none-eabi/14.2.1/../../../../arm-none-eabi/lib/thumb/v7-m/nofp/libc_nano.a(libc_a-readr.o)
                0x080015ac                _read_r
 .text._write_r
                0x080015d0       0x24 /home/lsh/gnu_toolchain/xpack-arm-none-eabi-gcc-14.2.1-1.1/bin/../lib/gcc/arm-none-eabi/14.2.1/../../../../arm-none-eabi/lib/thumb/v7-m/nofp/libc_nano.a(libc_a-writer.o)
                0x080015d0                _write_r
 .text.__libc_init_array
                0x080015f4       0x48 /home/lsh/gnu_toolchain/xpack-arm-none-eabi-gcc-14.2.1-1.1/bin/../lib/gcc/arm-none-eabi/14.2.1/../../../../arm-none-eabi/lib/thumb/v7-m/nofp/libc_nano.a(libc_a-init.o)
                0x080015f4                __libc_init_array
 .text.__retarget_lock_init_recursive
                0x0800163c        0x2 /home/lsh/gnu_toolchain/xpack-arm-none-eabi-gcc-14.2.1-1.1/bin/../lib/gcc/arm-none-eabi/14.2.1/../../../../arm-none-eabi/lib/thumb/v7-m/nofp/libc_nano.a(libc_a-lock.o)
                0x0800163c                __retarget_lock_init_recursive
 .text.__retarget_lock_acquire_recursive
                0x0800163e        0x2 /home/lsh/gnu_toolchain/xpack-arm-none-eabi-gcc-14.2.1-1.1/bin/../lib/gcc/arm-none-eabi/14.2.1/../../../../arm-none-eabi/lib/thumb/v7-m/nofp/libc_nano.a(libc_a-lock.o)
                0x0800163e                __retarget_lock_acquire_recursive
 .text.__retarget_lock_release_recursive
                0x08001640        0x2 /home/lsh/gnu_toolchain/xpack-arm-none-eabi-gcc-14.2.1-1.1/bin/../lib/gcc/arm-none-eabi/14.2.1/../../../../arm-none-eabi/lib/thumb/v7-m/nofp/libc_nano.a(libc_a-lock.o)
                0x08001640                __retarget_lock_release_recursive
 .text.memchr   0x08001642       0x1c /home/lsh/gnu_toolchain/xpack-arm-none-eabi-gcc-14.2.1-1.1/bin/../lib/gcc/arm-none-eabi/14.2.1/../../../../arm-none-eabi/lib/thumb/v7-m/nofp/libc_nano.a(libc_a-memchr-stub.o)
                0x08001642                memchr
 .text.quorem   0x0800165e      0x110 /home/lsh/gnu_toolchain/xpack-arm-none-eabi-gcc-14.2.1-1.1/bin/../lib/gcc/arm-none-eabi/14.2.1/../../../../arm-none-eabi/lib/thumb/v7-m/nofp/libc_nano.a(libc_a-dtoa.o)
 *fill*         0x0800176e        0x2 
 .text._dtoa_r  0x08001770      0xbcc /home/lsh/gnu_toolchain/xpack-arm-none-eabi-gcc-14.2.1-1.1/bin/../lib/gcc/arm-none-eabi/14.2.1/../../../../arm-none-eabi/lib/thumb/v7-m/nofp/libc_nano.a(libc_a-dtoa.o)
                0x08001770                _dtoa_r
 .text._free_r  0x0800233c       0x90 /home/lsh/gnu_toolchain/xpack-arm-none-eabi-gcc-14.2.1-1.1/bin/../lib/gcc/arm-none-eabi/14.2.1/../../../../arm-none-eabi/lib/thumb/v7-m/nofp/libc_nano.a(libc_a-freer.o)
                0x0800233c                _free_r
 .text.malloc   0x080023cc       0x10 /home/lsh/gnu_toolchain/xpack-arm-none-eabi-gcc-14.2.1-1.1/bin/../lib/gcc/arm-none-eabi/14.2.1/../../../../arm-none-eabi/lib/thumb/v7-m/nofp/libc_nano.a(libc_a-malloc.o)
                0x080023cc                malloc
 .text.sbrk_aligned
                0x080023dc       0x44 /home/lsh/gnu_toolchain/xpack-arm-none-eabi-gcc-14.2.1-1.1/bin/../lib/gcc/arm-none-eabi/14.2.1/../../../../arm-none-eabi/lib/thumb/v7-m/nofp/libc_nano.a(libc_a-mallocr.o)
 .text._malloc_r
                0x08002420      0x100 /home/lsh/gnu_toolchain/xpack-arm-none-eabi-gcc-14.2.1-1.1/bin/../lib/gcc/arm-none-eabi/14.2.1/../../../../arm-none-eabi/lib/thumb/v7-m/nofp/libc_nano.a(libc_a-mallocr.o)
                0x08002420                _malloc_r
 .text.__malloc_lock
                0x08002520        0xc /home/lsh/gnu_toolchain/xpack-arm-none-eabi-gcc-14.2.1-1.1/bin/../lib/gcc/arm-none-eabi/14.2.1/../../../../arm-none-eabi/lib/thumb/v7-m/nofp/libc_nano.a(libc_a-mlock.o)
                0x08002520                __malloc_lock
 .text.__malloc_unlock
                0x0800252c        0xc /home/lsh/gnu_toolchain/xpack-arm-none-eabi-gcc-14.2.1-1.1/bin/../lib/gcc/arm-none-eabi/14.2.1/../../../../arm-none-eabi/lib/thumb/v7-m/nofp/libc_nano.a(libc_a-mlock.o)
                0x0800252c                __malloc_unlock
 .text._Balloc  0x08002538       0x7c /home/lsh/gnu_toolchain/xpack-arm-none-eabi-gcc-14.2.1-1.1/bin/../lib/gcc/arm-none-eabi/14.2.1/../../../../arm-none-eabi/lib/thumb/v7-m/nofp/libc_nano.a(libc_a-mprec.o)
                0x08002538                _Balloc
 .text._Bfree   0x080025b4       0x44 /home/lsh/gnu_toolchain/xpack-arm-none-eabi-gcc-14.2.1-1.1/bin/../lib/gcc/arm-none-eabi/14.2.1/../../../../arm-none-eabi/lib/thumb/v7-m/nofp/libc_nano.a(libc_a-mprec.o)
                0x080025b4                _Bfree
 .text.__multadd
                0x080025f8       0x8c /home/lsh/gnu_toolchain/xpack-arm-none-eabi-gcc-14.2.1-1.1/bin/../lib/gcc/arm-none-eabi/14.2.1/../../../../arm-none-eabi/lib/thumb/v7-m/nofp/libc_nano.a(libc_a-mprec.o)
                0x080025f8                __multadd
 .text.__hi0bits
                0x08002684       0x3e /home/lsh/gnu_toolchain/xpack-arm-none-eabi-gcc-14.2.1-1.1/bin/../lib/gcc/arm-none-eabi/14.2.1/../../../../arm-none-eabi/lib/thumb/v7-m/nofp/libc_nano.a(libc_a-mprec.o)
                0x08002684                __hi0bits
 .text.__lo0bits
                0x080026c2       0x5a /home/lsh/gnu_toolchain/xpack-arm-none-eabi-gcc-14.2.1-1.1/bin/../lib/gcc/arm-none-eabi/14.2.1/../../../../arm-none-eabi/lib/thumb/v7-m/nofp/libc_nano.a(libc_a-mprec.o)
                0x080026c2                __lo0bits
 .text.__i2b    0x0800271c       0x2c /home/lsh/gnu_toolchain/xpack-arm-none-eabi-gcc-14.2.1-1.1/bin/../lib/gcc/arm-none-eabi/14.2.1/../../../../arm-none-eabi/lib/thumb/v7-m/nofp/libc_nano.a(libc_a-mprec.o)
                0x0800271c                __i2b
 .text.__multiply
                0x08002748      0x150 /home/lsh/gnu_toolchain/xpack-arm-none-eabi-gcc-14.2.1-1.1/bin/../lib/gcc/arm-none-eabi/14.2.1/../../../../arm-none-eabi/lib/thumb/v7-m/nofp/libc_nano.a(libc_a-mprec.o)
                0x08002748                __multiply
 .text.__pow5mult
                0x08002898       0xb8 /home/lsh/gnu_toolchain/xpack-arm-none-eabi-gcc-14.2.1-1.1/bin/../lib/gcc/arm-none-eabi/14.2.1/../../../../arm-none-eabi/lib/thumb/v7-m/nofp/libc_nano.a(libc_a-mprec.o)
                0x08002898                __pow5mult
 .text.__lshift
                0x08002950       0xd8 /home/lsh/gnu_toolchain/xpack-arm-none-eabi-gcc-14.2.1-1.1/bin/../lib/gcc/arm-none-eabi/14.2.1/../../../../arm-none-eabi/lib/thumb/v7-m/nofp/libc_nano.a(libc_a-mprec.o)
                0x08002950                __lshift
 .text.__mcmp   0x08002a28       0x36 /home/lsh/gnu_toolchain/xpack-arm-none-eabi-gcc-14.2.1-1.1/bin/../lib/gcc/arm-none-eabi/14.2.1/../../../../arm-none-eabi/lib/thumb/v7-m/nofp/libc_nano.a(libc_a-mprec.o)
                0x08002a28                __mcmp
 *fill*         0x08002a5e        0x2 
 .text.__mdiff  0x08002a60      0x130 /home/lsh/gnu_toolchain/xpack-arm-none-eabi-gcc-14.2.1-1.1/bin/../lib/gcc/arm-none-eabi/14.2.1/../../../../arm-none-eabi/lib/thumb/v7-m/nofp/libc_nano.a(libc_a-mprec.o)
                0x08002a60                __mdiff
 .text.__d2b    0x08002b90       0xb0 /home/lsh/gnu_toolchain/xpack-arm-none-eabi-gcc-14.2.1-1.1/bin/../lib/gcc/arm-none-eabi/14.2.1/../../../../arm-none-eabi/lib/thumb/v7-m/nofp/libc_nano.a(libc_a-mprec.o)
                0x08002b90                __d2b
 .text.__sflush_r
                0x08002c40       0xfc /home/lsh/gnu_toolchain/xpack-arm-none-eabi-gcc-14.2.1-1.1/bin/../lib/gcc/arm-none-eabi/14.2.1/../../../../arm-none-eabi/lib/thumb/v7-m/nofp/libc_nano.a(libc_a-fflush.o)
                0x08002c40                __sflush_r
 .text._fflush_r
                0x08002d3c       0x50 /home/lsh/gnu_toolchain/xpack-arm-none-eabi-gcc-14.2.1-1.1/bin/../lib/gcc/arm-none-eabi/14.2.1/../../../../arm-none-eabi/lib/thumb/v7-m/nofp/libc_nano.a(libc_a-fflush.o)
                0x08002d3c                _fflush_r
 .text._sbrk_r  0x08002d8c       0x20 /home/lsh/gnu_toolchain/xpack-arm-none-eabi-gcc-14.2.1-1.1/bin/../lib/gcc/arm-none-eabi/14.2.1/../../../../arm-none-eabi/lib/thumb/v7-m/nofp/libc_nano.a(libc_a-sbrkr.o)
                0x08002d8c                _sbrk_r
 .text.memcpy   0x08002dac       0x1c /home/lsh/gnu_toolchain/xpack-arm-none-eabi-gcc-14.2.1-1.1/bin/../lib/gcc/arm-none-eabi/14.2.1/../../../../arm-none-eabi/lib/thumb/v7-m/nofp/libc_nano.a(libc_a-memcpy-stub.o)
                0x08002dac                memcpy
 .text.__assert_func
                0x08002dc8       0x3c /home/lsh/gnu_toolchain/xpack-arm-none-eabi-gcc-14.2.1-1.1/bin/../lib/gcc/arm-none-eabi/14.2.1/../../../../arm-none-eabi/lib/thumb/v7-m/nofp/libc_nano.a(libc_a-assert.o)
                0x08002dc8                __assert_func
 .text._calloc_r
                0x08002e04       0x28 /home/lsh/gnu_toolchain/xpack-arm-none-eabi-gcc-14.2.1-1.1/bin/../lib/gcc/arm-none-eabi/14.2.1/../../../../arm-none-eabi/lib/thumb/v7-m/nofp/libc_nano.a(libc_a-callocr.o)
                0x08002e04                _calloc_r
 .text.__ascii_mbtowc
                0x08002e2c       0x24 /home/lsh/gnu_toolchain/xpack-arm-none-eabi-gcc-14.2.1-1.1/bin/../lib/gcc/arm-none-eabi/14.2.1/../../../../arm-none-eabi/lib/thumb/v7-m/nofp/libc_nano.a(libc_a-mbtowc_r.o)
                0x08002e2c                __ascii_mbtowc
 .text.__ascii_wctomb
                0x08002e50       0x1a /home/lsh/gnu_toolchain/xpack-arm-none-eabi-gcc-14.2.1-1.1/bin/../lib/gcc/arm-none-eabi/14.2.1/../../../../arm-none-eabi/lib/thumb/v7-m/nofp/libc_nano.a(libc_a-wctomb_r.o)
                0x08002e50                __ascii_wctomb
 *fill*         0x08002e6a        0x2 
 .text.fprintf  0x08002e6c       0x24 /home/lsh/gnu_toolchain/xpack-arm-none-eabi-gcc-14.2.1-1.1/bin/../lib/gcc/arm-none-eabi/14.2.1/../../../../arm-none-eabi/lib/thumb/v7-m/nofp/libc_nano.a(libc_a-fprintf.o)
                0x08002e6c                fprintf
                0x08002e6c                fiprintf
 .text.abort    0x08002e90        0xe /home/lsh/gnu_toolchain/xpack-arm-none-eabi-gcc-14.2.1-1.1/bin/../lib/gcc/arm-none-eabi/14.2.1/../../../../arm-none-eabi/lib/thumb/v7-m/nofp/libc_nano.a(libc_a-abort.o)
                0x08002e90                abort
 .text.__sfputc_r
                0x08002e9e       0x2a /home/lsh/gnu_toolchain/xpack-arm-none-eabi-gcc-14.2.1-1.1/bin/../lib/gcc/arm-none-eabi/14.2.1/../../../../arm-none-eabi/lib/thumb/v7-m/nofp/libc_nano.a(libc_a-nano-vfprintf.o)
 .text.__sfputs_r
                0x08002ec8       0x24 /home/lsh/gnu_toolchain/xpack-arm-none-eabi-gcc-14.2.1-1.1/bin/../lib/gcc/arm-none-eabi/14.2.1/../../../../arm-none-eabi/lib/thumb/v7-m/nofp/libc_nano.a(libc_a-nano-vfprintf.o)
                0x08002ec8                __sfputs_r
 .text._vfprintf_r
                0x08002eec      0x230 /home/lsh/gnu_toolchain/xpack-arm-none-eabi-gcc-14.2.1-1.1/bin/../lib/gcc/arm-none-eabi/14.2.1/../../../../arm-none-eabi/lib/thumb/v7-m/nofp/libc_nano.a(libc_a-nano-vfprintf.o)
                0x08002eec                _vfiprintf_r
                0x08002eec                _vfprintf_r
 .text.__swbuf_r
                0x0800311c       0x7c /home/lsh/gnu_toolchain/xpack-arm-none-eabi-gcc-14.2.1-1.1/bin/../lib/gcc/arm-none-eabi/14.2.1/../../../../arm-none-eabi/lib/thumb/v7-m/nofp/libc_nano.a(libc_a-wbuf.o)
                0x0800311c                __swbuf_r
 .text.__swsetup_r
                0x08003198       0xa8 /home/lsh/gnu_toolchain/xpack-arm-none-eabi-gcc-14.2.1-1.1/bin/../lib/gcc/arm-none-eabi/14.2.1/../../../../arm-none-eabi/lib/thumb/v7-m/nofp/libc_nano.a(libc_a-wsetup.o)
                0x08003198                __swsetup_r
 .text._raise_r
                0x08003240       0x50 /home/lsh/gnu_toolchain/xpack-arm-none-eabi-gcc-14.2.1-1.1/bin/../lib/gcc/arm-none-eabi/14.2.1/../../../../arm-none-eabi/lib/thumb/v7-m/nofp/libc_nano.a(libc_a-signal.o)
                0x08003240                _raise_r
 .text.raise    0x08003290       0x10 /home/lsh/gnu_toolchain/xpack-arm-none-eabi-gcc-14.2.1-1.1/bin/../lib/gcc/arm-none-eabi/14.2.1/../../../../arm-none-eabi/lib/thumb/v7-m/nofp/libc_nano.a(libc_a-signal.o)
                0x08003290                raise
 .text._kill_r  0x080032a0       0x24 /home/lsh/gnu_toolchain/xpack-arm-none-eabi-gcc-14.2.1-1.1/bin/../lib/gcc/arm-none-eabi/14.2.1/../../../../arm-none-eabi/lib/thumb/v7-m/nofp/libc_nano.a(libc_a-signalr.o)
                0x080032a0                _kill_r
 .text._getpid_r
                0x080032c4        0x4 /home/lsh/gnu_toolchain/xpack-arm-none-eabi-gcc-14.2.1-1.1/bin/../lib/gcc/arm-none-eabi/14.2.1/../../../../arm-none-eabi/lib/thumb/v7-m/nofp/libc_nano.a(libc_a-signalr.o)
                0x080032c4                _getpid_r
 .text.__swhatbuf_r
                0x080032c8       0x48 /home/lsh/gnu_toolchain/xpack-arm-none-eabi-gcc-14.2.1-1.1/bin/../lib/gcc/arm-none-eabi/14.2.1/../../../../arm-none-eabi/lib/thumb/v7-m/nofp/libc_nano.a(libc_a-makebuf.o)
                0x080032c8                __swhatbuf_r
 .text.__smakebuf_r
                0x08003310       0x72 /home/lsh/gnu_toolchain/xpack-arm-none-eabi-gcc-14.2.1-1.1/bin/../lib/gcc/arm-none-eabi/14.2.1/../../../../arm-none-eabi/lib/thumb/v7-m/nofp/libc_nano.a(libc_a-makebuf.o)
                0x08003310                __smakebuf_r
 *fill*         0x08003382        0x2 
 .text._fstat_r
                0x08003384       0x24 /home/lsh/gnu_toolchain/xpack-arm-none-eabi-gcc-14.2.1-1.1/bin/../lib/gcc/arm-none-eabi/14.2.1/../../../../arm-none-eabi/lib/thumb/v7-m/nofp/libc_nano.a(libc_a-fstatr.o)
                0x08003384                _fstat_r
 .text._isatty_r
                0x080033a8       0x20 /home/lsh/gnu_toolchain/xpack-arm-none-eabi-gcc-14.2.1-1.1/bin/../lib/gcc/arm-none-eabi/14.2.1/../../../../arm-none-eabi/lib/thumb/v7-m/nofp/libc_nano.a(libc_a-isattyr.o)
                0x080033a8                _isatty_r
 .text.main     0x080033c8       0x1a CMakeFiles/dome.dir/Core/Src/main.c.obj
                0x080033c8                main
 .text.SystemClock_Config
                0x080033e2       0x76 CMakeFiles/dome.dir/Core/Src/main.c.obj
                0x080033e2                SystemClock_Config
 .text.Error_Handler
                0x08003458        0xc CMakeFiles/dome.dir/Core/Src/main.c.obj
                0x08003458                Error_Handler
 .text.MX_GPIO_Init
                0x08003464       0x64 CMakeFiles/dome.dir/Core/Src/gpio.c.obj
                0x08003464                MX_GPIO_Init
 .text.NMI_Handler
                0x080034c8        0x8 CMakeFiles/dome.dir/Core/Src/stm32f1xx_it.c.obj
                0x080034c8                NMI_Handler
 .text.HardFault_Handler
                0x080034d0        0x8 CMakeFiles/dome.dir/Core/Src/stm32f1xx_it.c.obj
                0x080034d0                HardFault_Handler
 .text.MemManage_Handler
                0x080034d8        0x8 CMakeFiles/dome.dir/Core/Src/stm32f1xx_it.c.obj
                0x080034d8                MemManage_Handler
 .text.BusFault_Handler
                0x080034e0        0x8 CMakeFiles/dome.dir/Core/Src/stm32f1xx_it.c.obj
                0x080034e0                BusFault_Handler
 .text.UsageFault_Handler
                0x080034e8        0x8 CMakeFiles/dome.dir/Core/Src/stm32f1xx_it.c.obj
                0x080034e8                UsageFault_Handler
 .text.SVC_Handler
                0x080034f0        0xc CMakeFiles/dome.dir/Core/Src/stm32f1xx_it.c.obj
                0x080034f0                SVC_Handler
 .text.DebugMon_Handler
                0x080034fc        0xc CMakeFiles/dome.dir/Core/Src/stm32f1xx_it.c.obj
                0x080034fc                DebugMon_Handler
 .text.PendSV_Handler
                0x08003508        0xc CMakeFiles/dome.dir/Core/Src/stm32f1xx_it.c.obj
                0x08003508                PendSV_Handler
 .text.SysTick_Handler
                0x08003514        0xc CMakeFiles/dome.dir/Core/Src/stm32f1xx_it.c.obj
                0x08003514                SysTick_Handler
 .text.HAL_MspInit
                0x08003520       0x64 CMakeFiles/dome.dir/Core/Src/stm32f1xx_hal_msp.c.obj
                0x08003520                HAL_MspInit
 .text._sbrk    0x08003584       0x6c CMakeFiles/dome.dir/Core/Src/sysmem.c.obj
                0x08003584                _sbrk
 .text._getpid  0x080035f0        0xe CMakeFiles/dome.dir/Core/Src/syscalls.c.obj
                0x080035f0                _getpid
 .text._kill    0x080035fe       0x20 CMakeFiles/dome.dir/Core/Src/syscalls.c.obj
                0x080035fe                _kill
 .text._exit    0x0800361e       0x16 CMakeFiles/dome.dir/Core/Src/syscalls.c.obj
                0x0800361e                _exit
 .text._read    0x08003634       0x3a CMakeFiles/dome.dir/Core/Src/syscalls.c.obj
                0x08003634                _read
 .text._write   0x0800366e       0x38 CMakeFiles/dome.dir/Core/Src/syscalls.c.obj
                0x0800366e                _write
 .text._close   0x080036a6       0x16 CMakeFiles/dome.dir/Core/Src/syscalls.c.obj
                0x080036a6                _close
 .text._fstat   0x080036bc       0x1e CMakeFiles/dome.dir/Core/Src/syscalls.c.obj
                0x080036bc                _fstat
 .text._isatty  0x080036da       0x14 CMakeFiles/dome.dir/Core/Src/syscalls.c.obj
                0x080036da                _isatty
 .text._lseek   0x080036ee       0x18 CMakeFiles/dome.dir/Core/Src/syscalls.c.obj
                0x080036ee                _lseek
 *fill*         0x08003706        0x2 
 .text.Reset_Handler
                0x08003708       0x48 CMakeFiles/dome.dir/startup_stm32f103xb.s.obj
                0x08003708                Reset_Handler
 .text.Default_Handler
                0x08003750        0x2 CMakeFiles/dome.dir/startup_stm32f103xb.s.obj
                0x08003750                RTC_Alarm_IRQHandler
                0x08003750                EXTI2_IRQHandler
                0x08003750                TIM1_CC_IRQHandler
                0x08003750                PVD_IRQHandler
                0x08003750                EXTI3_IRQHandler
                0x08003750                EXTI0_IRQHandler
                0x08003750                I2C2_EV_IRQHandler
                0x08003750                ADC1_2_IRQHandler
                0x08003750                SPI1_IRQHandler
                0x08003750                TAMPER_IRQHandler
                0x08003750                DMA1_Channel4_IRQHandler
                0x08003750                USART3_IRQHandler
                0x08003750                RTC_IRQHandler
                0x08003750                DMA1_Channel7_IRQHandler
                0x08003750                CAN1_RX1_IRQHandler
                0x08003750                TIM4_IRQHandler
                0x08003750                I2C1_EV_IRQHandler
                0x08003750                DMA1_Channel6_IRQHandler
                0x08003750                TIM3_IRQHandler
                0x08003750                RCC_IRQHandler
                0x08003750                TIM1_TRG_COM_IRQHandler
                0x08003750                DMA1_Channel1_IRQHandler
                0x08003750                Default_Handler
                0x08003750                EXTI15_10_IRQHandler
                0x08003750                EXTI9_5_IRQHandler
                0x08003750                SPI2_IRQHandler
                0x08003750                DMA1_Channel5_IRQHandler
                0x08003750                EXTI4_IRQHandler
                0x08003750                USB_LP_CAN1_RX0_IRQHandler
                0x08003750                USB_HP_CAN1_TX_IRQHandler
                0x08003750                DMA1_Channel3_IRQHandler
                0x08003750                TIM1_UP_IRQHandler
                0x08003750                WWDG_IRQHandler
                0x08003750                TIM2_IRQHandler
                0x08003750                TIM1_BRK_IRQHandler
                0x08003750                EXTI1_IRQHandler
                0x08003750                USART2_IRQHandler
                0x08003750                I2C2_ER_IRQHandler
                0x08003750                DMA1_Channel2_IRQHandler
                0x08003750                CAN1_SCE_IRQHandler
                0x08003750                FLASH_IRQHandler
                0x08003750                USART1_IRQHandler
                0x08003750                I2C1_ER_IRQHandler
                0x08003750                USBWakeUp_IRQHandler
 .text.SystemInit
                0x08003752        0xc cmake/stm32cubemx/CMakeFiles/STM32_Drivers.dir/__/__/Core/Src/system_stm32f1xx.c.obj
                0x08003752                SystemInit
 *fill*         0x0800375e        0x2 
 .text.HAL_Init
                0x08003760       0x2c cmake/stm32cubemx/CMakeFiles/STM32_Drivers.dir/__/__/Drivers/STM32F1xx_HAL_Driver/Src/stm32f1xx_hal.c.obj
                0x08003760                HAL_Init
 .text.HAL_InitTick
                0x0800378c       0x60 cmake/stm32cubemx/CMakeFiles/STM32_Drivers.dir/__/__/Drivers/STM32F1xx_HAL_Driver/Src/stm32f1xx_hal.c.obj
                0x0800378c                HAL_InitTick
 .text.HAL_IncTick
                0x080037ec       0x24 cmake/stm32cubemx/CMakeFiles/STM32_Drivers.dir/__/__/Drivers/STM32F1xx_HAL_Driver/Src/stm32f1xx_hal.c.obj
                0x080037ec                HAL_IncTick
 .text.HAL_GetTick
                0x08003810       0x14 cmake/stm32cubemx/CMakeFiles/STM32_Drivers.dir/__/__/Drivers/STM32F1xx_HAL_Driver/Src/stm32f1xx_hal.c.obj
                0x08003810                HAL_GetTick
 .text.HAL_Delay
                0x08003824       0x48 cmake/stm32cubemx/CMakeFiles/STM32_Drivers.dir/__/__/Drivers/STM32F1xx_HAL_Driver/Src/stm32f1xx_hal.c.obj
                0x08003824                HAL_Delay
 .text.HAL_RCC_OscConfig
                0x0800386c      0x504 cmake/stm32cubemx/CMakeFiles/STM32_Drivers.dir/__/__/Drivers/STM32F1xx_HAL_Driver/Src/stm32f1xx_hal_rcc.c.obj
                0x0800386c                HAL_RCC_OscConfig
 .text.HAL_RCC_ClockConfig
                0x08003d70      0x1d4 cmake/stm32cubemx/CMakeFiles/STM32_Drivers.dir/__/__/Drivers/STM32F1xx_HAL_Driver/Src/stm32f1xx_hal_rcc.c.obj
                0x08003d70                HAL_RCC_ClockConfig
 .text.HAL_RCC_GetSysClockFreq
                0x08003f44       0xa8 cmake/stm32cubemx/CMakeFiles/STM32_Drivers.dir/__/__/Drivers/STM32F1xx_HAL_Driver/Src/stm32f1xx_hal_rcc.c.obj
                0x08003f44                HAL_RCC_GetSysClockFreq
 .text.RCC_Delay
                0x08003fec       0x3c cmake/stm32cubemx/CMakeFiles/STM32_Drivers.dir/__/__/Drivers/STM32F1xx_HAL_Driver/Src/stm32f1xx_hal_rcc.c.obj
 .text.HAL_GPIO_Init
                0x08004028      0x308 cmake/stm32cubemx/CMakeFiles/STM32_Drivers.dir/__/__/Drivers/STM32F1xx_HAL_Driver/Src/stm32f1xx_hal_gpio.c.obj
                0x08004028                HAL_GPIO_Init
 .text.HAL_GPIO_WritePin
                0x08004330       0x30 cmake/stm32cubemx/CMakeFiles/STM32_Drivers.dir/__/__/Drivers/STM32F1xx_HAL_Driver/Src/stm32f1xx_hal_gpio.c.obj
                0x08004330                HAL_GPIO_WritePin
 .text.__NVIC_SetPriorityGrouping
                0x08004360       0x48 cmake/stm32cubemx/CMakeFiles/STM32_Drivers.dir/__/__/Drivers/STM32F1xx_HAL_Driver/Src/stm32f1xx_hal_cortex.c.obj
 .text.__NVIC_GetPriorityGrouping
                0x080043a8       0x1c cmake/stm32cubemx/CMakeFiles/STM32_Drivers.dir/__/__/Drivers/STM32F1xx_HAL_Driver/Src/stm32f1xx_hal_cortex.c.obj
 .text.__NVIC_SetPriority
                0x080043c4       0x54 cmake/stm32cubemx/CMakeFiles/STM32_Drivers.dir/__/__/Drivers/STM32F1xx_HAL_Driver/Src/stm32f1xx_hal_cortex.c.obj
 .text.NVIC_EncodePriority
                0x08004418       0x64 cmake/stm32cubemx/CMakeFiles/STM32_Drivers.dir/__/__/Drivers/STM32F1xx_HAL_Driver/Src/stm32f1xx_hal_cortex.c.obj
 .text.SysTick_Config
                0x0800447c       0x44 cmake/stm32cubemx/CMakeFiles/STM32_Drivers.dir/__/__/Drivers/STM32F1xx_HAL_Driver/Src/stm32f1xx_hal_cortex.c.obj
 .text.HAL_NVIC_SetPriorityGrouping
                0x080044c0       0x16 cmake/stm32cubemx/CMakeFiles/STM32_Drivers.dir/__/__/Drivers/STM32F1xx_HAL_Driver/Src/stm32f1xx_hal_cortex.c.obj
                0x080044c0                HAL_NVIC_SetPriorityGrouping
 .text.HAL_NVIC_SetPriority
                0x080044d6       0x38 cmake/stm32cubemx/CMakeFiles/STM32_Drivers.dir/__/__/Drivers/STM32F1xx_HAL_Driver/Src/stm32f1xx_hal_cortex.c.obj
                0x080044d6                HAL_NVIC_SetPriority
 .text.HAL_SYSTICK_Config
                0x0800450e       0x18 cmake/stm32cubemx/CMakeFiles/STM32_Drivers.dir/__/__/Drivers/STM32F1xx_HAL_Driver/Src/stm32f1xx_hal_cortex.c.obj
                0x0800450e                HAL_SYSTICK_Config
 *fill*         0x08004526        0x2 
 .text.__errno  0x08004528        0xc /home/lsh/gnu_toolchain/xpack-arm-none-eabi-gcc-14.2.1-1.1/bin/../lib/gcc/arm-none-eabi/14.2.1/../../../../arm-none-eabi/lib/thumb/v7-m/nofp/libg_nano.a(libc_a-errno.o)
                0x08004528                __errno
 *(.glue_7)
 .glue_7        0x08004534        0x0 linker stubs
 *(.glue_7t)
 .glue_7t       0x08004534        0x0 linker stubs
 *(.eh_frame)
 .eh_frame      0x08004534        0x0 /home/lsh/gnu_toolchain/xpack-arm-none-eabi-gcc-14.2.1-1.1/bin/../lib/gcc/arm-none-eabi/14.2.1/thumb/v7-m/nofp/crtbegin.o
 *(.init)
 .init          0x08004534        0x4 /home/lsh/gnu_toolchain/xpack-arm-none-eabi-gcc-14.2.1-1.1/bin/../lib/gcc/arm-none-eabi/14.2.1/thumb/v7-m/nofp/crti.o
                0x08004534                _init
 .init          0x08004538        0x8 /home/lsh/gnu_toolchain/xpack-arm-none-eabi-gcc-14.2.1-1.1/bin/../lib/gcc/arm-none-eabi/14.2.1/thumb/v7-m/nofp/crtn.o
 *(.fini)
 .fini          0x08004540        0x4 /home/lsh/gnu_toolchain/xpack-arm-none-eabi-gcc-14.2.1-1.1/bin/../lib/gcc/arm-none-eabi/14.2.1/thumb/v7-m/nofp/crti.o
                0x08004540                _fini
 .fini          0x08004544        0x8 /home/lsh/gnu_toolchain/xpack-arm-none-eabi-gcc-14.2.1-1.1/bin/../lib/gcc/arm-none-eabi/14.2.1/thumb/v7-m/nofp/crtn.o
                0x0800454c                        . = ALIGN (0x4)
                0x0800454c                        _etext = .

.vfp11_veneer   0x0800454c        0x0
 .vfp11_veneer  0x0800454c        0x0 linker stubs

.v4_bx          0x0800454c        0x0
 .v4_bx         0x0800454c        0x0 linker stubs

.iplt           0x0800454c        0x0
 .iplt          0x0800454c        0x0 /home/lsh/gnu_toolchain/xpack-arm-none-eabi-gcc-14.2.1-1.1/bin/../lib/gcc/arm-none-eabi/14.2.1/thumb/v7-m/nofp/crtbegin.o

.rodata         0x08004550      0x3f0
                0x08004550                        . = ALIGN (0x4)
 *(.rodata)
 *(.rodata*)
 .rodata._printf_float.str1.1
                0x08004550      0x1c5 /home/lsh/gnu_toolchain/xpack-arm-none-eabi-gcc-14.2.1-1.1/bin/../lib/gcc/arm-none-eabi/14.2.1/../../../../arm-none-eabi/lib/thumb/v7-m/nofp/libc_nano.a(libc_a-nano-vfprintf_float.o)
                                 0x12 (size before relaxing)
 .rodata._printf_i.str1.1
                0x08004715       0x22 /home/lsh/gnu_toolchain/xpack-arm-none-eabi-gcc-14.2.1-1.1/bin/../lib/gcc/arm-none-eabi/14.2.1/../../../../arm-none-eabi/lib/thumb/v7-m/nofp/libc_nano.a(libc_a-nano-vfprintf_i.o)
 .rodata._dtoa_r.str1.1
                0x08004715       0xb9 /home/lsh/gnu_toolchain/xpack-arm-none-eabi-gcc-14.2.1-1.1/bin/../lib/gcc/arm-none-eabi/14.2.1/../../../../arm-none-eabi/lib/thumb/v7-m/nofp/libc_nano.a(libc_a-dtoa.o)
 .rodata._Balloc.str1.1
                0x08004715       0x9a /home/lsh/gnu_toolchain/xpack-arm-none-eabi-gcc-14.2.1-1.1/bin/../lib/gcc/arm-none-eabi/14.2.1/../../../../arm-none-eabi/lib/thumb/v7-m/nofp/libc_nano.a(libc_a-mprec.o)
 .rodata.__multadd.str1.1
                0x08004715       0x11 /home/lsh/gnu_toolchain/xpack-arm-none-eabi-gcc-14.2.1-1.1/bin/../lib/gcc/arm-none-eabi/14.2.1/../../../../arm-none-eabi/lib/thumb/v7-m/nofp/libc_nano.a(libc_a-mprec.o)
 *fill*         0x08004715        0x3 
 .rodata.p05.0  0x08004718        0xc /home/lsh/gnu_toolchain/xpack-arm-none-eabi-gcc-14.2.1-1.1/bin/../lib/gcc/arm-none-eabi/14.2.1/../../../../arm-none-eabi/lib/thumb/v7-m/nofp/libc_nano.a(libc_a-mprec.o)
 *fill*         0x08004724        0x4 
 .rodata.__mprec_bigtens
                0x08004728       0x28 /home/lsh/gnu_toolchain/xpack-arm-none-eabi-gcc-14.2.1-1.1/bin/../lib/gcc/arm-none-eabi/14.2.1/../../../../arm-none-eabi/lib/thumb/v7-m/nofp/libc_nano.a(libc_a-mprec.o)
                0x08004728                __mprec_bigtens
 .rodata.__mprec_tens
                0x08004750       0xc8 /home/lsh/gnu_toolchain/xpack-arm-none-eabi-gcc-14.2.1-1.1/bin/../lib/gcc/arm-none-eabi/14.2.1/../../../../arm-none-eabi/lib/thumb/v7-m/nofp/libc_nano.a(libc_a-mprec.o)
                0x08004750                __mprec_tens
 .rodata._setlocale_r.str1.1
                0x08004818        0x9 /home/lsh/gnu_toolchain/xpack-arm-none-eabi-gcc-14.2.1-1.1/bin/../lib/gcc/arm-none-eabi/14.2.1/../../../../arm-none-eabi/lib/thumb/v7-m/nofp/libc_nano.a(libc_a-locale.o)
 .rodata.str1.1
                0x08004818        0x2 /home/lsh/gnu_toolchain/xpack-arm-none-eabi-gcc-14.2.1-1.1/bin/../lib/gcc/arm-none-eabi/14.2.1/../../../../arm-none-eabi/lib/thumb/v7-m/nofp/libc_nano.a(libc_a-locale.o)
 .rodata.__assert_func.str1.1
                0x08004818       0x3d /home/lsh/gnu_toolchain/xpack-arm-none-eabi-gcc-14.2.1-1.1/bin/../lib/gcc/arm-none-eabi/14.2.1/../../../../arm-none-eabi/lib/thumb/v7-m/nofp/libc_nano.a(libc_a-assert.o)
 .rodata._ctype_
                0x08004818      0x101 /home/lsh/gnu_toolchain/xpack-arm-none-eabi-gcc-14.2.1-1.1/bin/../lib/gcc/arm-none-eabi/14.2.1/../../../../arm-none-eabi/lib/thumb/v7-m/nofp/libc_nano.a(libc_a-ctype_.o)
                0x08004818                _ctype_
 .rodata._vfprintf_r.str1.1
                0x08004919       0x11 /home/lsh/gnu_toolchain/xpack-arm-none-eabi-gcc-14.2.1-1.1/bin/../lib/gcc/arm-none-eabi/14.2.1/../../../../arm-none-eabi/lib/thumb/v7-m/nofp/libc_nano.a(libc_a-nano-vfprintf.o)
 *fill*         0x08004919        0x3 
 .rodata.AHBPrescTable
                0x0800491c       0x10 cmake/stm32cubemx/CMakeFiles/STM32_Drivers.dir/__/__/Core/Src/system_stm32f1xx.c.obj
                0x0800491c                AHBPrescTable
 .rodata.aPLLMULFactorTable.1
                0x0800492c       0x10 cmake/stm32cubemx/CMakeFiles/STM32_Drivers.dir/__/__/Drivers/STM32F1xx_HAL_Driver/Src/stm32f1xx_hal_rcc.c.obj
 .rodata.aPredivFactorTable.0
                0x0800493c        0x2 cmake/stm32cubemx/CMakeFiles/STM32_Drivers.dir/__/__/Drivers/STM32F1xx_HAL_Driver/Src/stm32f1xx_hal_rcc.c.obj
                0x08004940                        . = ALIGN (0x4)
 *fill*         0x0800493e        0x2 

.ARM.extab      0x08004940        0x0
                0x08004940                        . = ALIGN (0x4)
 *(.ARM.extab* .gnu.linkonce.armextab.*)
                0x08004940                        . = ALIGN (0x4)

.ARM            0x08004940        0x8
                0x08004940                        . = ALIGN (0x4)
                0x08004940                        __exidx_start = .
 *(.ARM.exidx*)
 .ARM.exidx     0x08004940        0x8 /home/lsh/gnu_toolchain/xpack-arm-none-eabi-gcc-14.2.1-1.1/bin/../lib/gcc/arm-none-eabi/14.2.1/../../../../arm-none-eabi/lib/thumb/v7-m/nofp/libc_nano.a(libc_a-strlen.o)
                0x08004948                        __exidx_end = .
                0x08004948                        . = ALIGN (0x4)

.preinit_array  0x08004948        0x0
                0x08004948                        . = ALIGN (0x4)
                0x08004948                        PROVIDE (__preinit_array_start = .)
 *(.preinit_array*)
                0x08004948                        PROVIDE (__preinit_array_end = .)
                0x08004948                        . = ALIGN (0x4)

.init_array     0x08004948        0x4
                0x08004948                        . = ALIGN (0x4)
                0x08004948                        PROVIDE (__init_array_start = .)
 *(SORT_BY_NAME(.init_array.*))
 *(.init_array*)
 .init_array    0x08004948        0x4 /home/lsh/gnu_toolchain/xpack-arm-none-eabi-gcc-14.2.1-1.1/bin/../lib/gcc/arm-none-eabi/14.2.1/thumb/v7-m/nofp/crtbegin.o
                0x0800494c                        PROVIDE (__init_array_end = .)
                0x0800494c                        . = ALIGN (0x4)

.fini_array     0x0800494c        0x4
                0x0800494c                        . = ALIGN (0x4)
                0x0800494c                        PROVIDE (__fini_array_start = .)
 *(SORT_BY_NAME(.fini_array.*))
 *(.fini_array*)
 .fini_array    0x0800494c        0x4 /home/lsh/gnu_toolchain/xpack-arm-none-eabi-gcc-14.2.1-1.1/bin/../lib/gcc/arm-none-eabi/14.2.1/thumb/v7-m/nofp/crtbegin.o
                0x08004950                        PROVIDE (__fini_array_end = .)
                0x08004950                        . = ALIGN (0x4)
                0x08004950                        _sidata = LOADADDR (.data)

.rel.dyn        0x08004950        0x0
 .rel.iplt      0x08004950        0x0 /home/lsh/gnu_toolchain/xpack-arm-none-eabi-gcc-14.2.1-1.1/bin/../lib/gcc/arm-none-eabi/14.2.1/thumb/v7-m/nofp/crtbegin.o

.data           0x20000000      0x1d4 load address 0x08004950
                0x20000000                        . = ALIGN (0x4)
                0x20000000                        _sdata = .
 *(.data)
 *(.data*)
 .data.__sglue  0x20000000        0xc /home/lsh/gnu_toolchain/xpack-arm-none-eabi-gcc-14.2.1-1.1/bin/../lib/gcc/arm-none-eabi/14.2.1/../../../../arm-none-eabi/lib/thumb/v7-m/nofp/libc_nano.a(libc_a-findfp.o)
                0x20000000                __sglue
 .data._impure_ptr
                0x2000000c        0x4 /home/lsh/gnu_toolchain/xpack-arm-none-eabi-gcc-14.2.1-1.1/bin/../lib/gcc/arm-none-eabi/14.2.1/../../../../arm-none-eabi/lib/thumb/v7-m/nofp/libc_nano.a(libc_a-impure.o)
                0x2000000c                _impure_ptr
 .data._impure_data
                0x20000010       0x4c /home/lsh/gnu_toolchain/xpack-arm-none-eabi-gcc-14.2.1-1.1/bin/../lib/gcc/arm-none-eabi/14.2.1/../../../../arm-none-eabi/lib/thumb/v7-m/nofp/libc_nano.a(libc_a-impure.o)
                0x20000010                _impure_data
 .data.__global_locale
                0x2000005c      0x16c /home/lsh/gnu_toolchain/xpack-arm-none-eabi-gcc-14.2.1-1.1/bin/../lib/gcc/arm-none-eabi/14.2.1/../../../../arm-none-eabi/lib/thumb/v7-m/nofp/libc_nano.a(libc_a-locale.o)
                0x2000005c                __global_locale
 .data.SystemCoreClock
                0x200001c8        0x4 cmake/stm32cubemx/CMakeFiles/STM32_Drivers.dir/__/__/Core/Src/system_stm32f1xx.c.obj
                0x200001c8                SystemCoreClock
 .data.uwTickPrio
                0x200001cc        0x4 cmake/stm32cubemx/CMakeFiles/STM32_Drivers.dir/__/__/Drivers/STM32F1xx_HAL_Driver/Src/stm32f1xx_hal.c.obj
                0x200001cc                uwTickPrio
 .data.uwTickFreq
                0x200001d0        0x1 cmake/stm32cubemx/CMakeFiles/STM32_Drivers.dir/__/__/Drivers/STM32F1xx_HAL_Driver/Src/stm32f1xx_hal.c.obj
                0x200001d0                uwTickFreq
 *(.RamFunc)
 *(.RamFunc*)
                0x200001d4                        . = ALIGN (0x4)
 *fill*         0x200001d1        0x3 
                0x200001d4                        _edata = .

.igot.plt       0x200001d4        0x0 load address 0x08004b24
 .igot.plt      0x200001d4        0x0 /home/lsh/gnu_toolchain/xpack-arm-none-eabi-gcc-14.2.1-1.1/bin/../lib/gcc/arm-none-eabi/14.2.1/thumb/v7-m/nofp/crtbegin.o
                0x200001d4                        . = ALIGN (0x4)

.bss            0x200001d4      0x170 load address 0x08004b24
                0x200001d4                        _sbss = .
                0x200001d4                        __bss_start__ = _sbss
 *(.bss)
 *(.bss*)
 .bss.completed.1
                0x200001d4        0x1 /home/lsh/gnu_toolchain/xpack-arm-none-eabi-gcc-14.2.1-1.1/bin/../lib/gcc/arm-none-eabi/14.2.1/thumb/v7-m/nofp/crtbegin.o
 *fill*         0x200001d5        0x3 
 .bss.object.0  0x200001d8       0x18 /home/lsh/gnu_toolchain/xpack-arm-none-eabi-gcc-14.2.1-1.1/bin/../lib/gcc/arm-none-eabi/14.2.1/thumb/v7-m/nofp/crtbegin.o
 .bss.__sf      0x200001f0      0x138 /home/lsh/gnu_toolchain/xpack-arm-none-eabi-gcc-14.2.1-1.1/bin/../lib/gcc/arm-none-eabi/14.2.1/../../../../arm-none-eabi/lib/thumb/v7-m/nofp/libc_nano.a(libc_a-findfp.o)
                0x200001f0                __sf
 .bss.__stdio_exit_handler
                0x20000328        0x4 /home/lsh/gnu_toolchain/xpack-arm-none-eabi-gcc-14.2.1-1.1/bin/../lib/gcc/arm-none-eabi/14.2.1/../../../../arm-none-eabi/lib/thumb/v7-m/nofp/libc_nano.a(libc_a-findfp.o)
                0x20000328                __stdio_exit_handler
 .bss.errno     0x2000032c        0x4 /home/lsh/gnu_toolchain/xpack-arm-none-eabi-gcc-14.2.1-1.1/bin/../lib/gcc/arm-none-eabi/14.2.1/../../../../arm-none-eabi/lib/thumb/v7-m/nofp/libc_nano.a(libc_a-reent.o)
                0x2000032c                errno
 .bss.__lock___malloc_recursive_mutex
                0x20000330        0x1 /home/lsh/gnu_toolchain/xpack-arm-none-eabi-gcc-14.2.1-1.1/bin/../lib/gcc/arm-none-eabi/14.2.1/../../../../arm-none-eabi/lib/thumb/v7-m/nofp/libc_nano.a(libc_a-lock.o)
                0x20000330                __lock___malloc_recursive_mutex
 .bss.__lock___sfp_recursive_mutex
                0x20000331        0x1 /home/lsh/gnu_toolchain/xpack-arm-none-eabi-gcc-14.2.1-1.1/bin/../lib/gcc/arm-none-eabi/14.2.1/../../../../arm-none-eabi/lib/thumb/v7-m/nofp/libc_nano.a(libc_a-lock.o)
                0x20000331                __lock___sfp_recursive_mutex
 *fill*         0x20000332        0x2 
 .bss.__malloc_sbrk_start
                0x20000334        0x4 /home/lsh/gnu_toolchain/xpack-arm-none-eabi-gcc-14.2.1-1.1/bin/../lib/gcc/arm-none-eabi/14.2.1/../../../../arm-none-eabi/lib/thumb/v7-m/nofp/libc_nano.a(libc_a-mallocr.o)
                0x20000334                __malloc_sbrk_start
 .bss.__malloc_free_list
                0x20000338        0x4 /home/lsh/gnu_toolchain/xpack-arm-none-eabi-gcc-14.2.1-1.1/bin/../lib/gcc/arm-none-eabi/14.2.1/../../../../arm-none-eabi/lib/thumb/v7-m/nofp/libc_nano.a(libc_a-mallocr.o)
                0x20000338                __malloc_free_list
 .bss.__sbrk_heap_end
                0x2000033c        0x4 CMakeFiles/dome.dir/Core/Src/sysmem.c.obj
 .bss.uwTick    0x20000340        0x4 cmake/stm32cubemx/CMakeFiles/STM32_Drivers.dir/__/__/Drivers/STM32F1xx_HAL_Driver/Src/stm32f1xx_hal.c.obj
                0x20000340                uwTick
 *(COMMON)
                0x20000344                        . = ALIGN (0x4)
                0x20000344                        _ebss = .
                0x20000344                        __bss_end__ = _ebss

._user_heap_stack
                0x20000344      0x604 load address 0x08004b24
                0x20000348                        . = ALIGN (0x8)
 *fill*         0x20000344        0x4 
                [!provide]                        PROVIDE (end = .)
                0x20000348                        PROVIDE (_end = .)
                0x20000548                        . = (. + _Min_Heap_Size)
 *fill*         0x20000348      0x200 
                0x20000948                        . = (. + _Min_Stack_Size)
 *fill*         0x20000548      0x400 
                0x20000948                        . = ALIGN (0x8)

/DISCARD/
 libc.a(*)
 libm.a(*)
 libgcc.a(*)
OUTPUT(dome.elf elf32-littlearm)
LOAD linker stubs
LOAD /home/lsh/gnu_toolchain/xpack-arm-none-eabi-gcc-14.2.1-1.1/bin/../lib/gcc/arm-none-eabi/14.2.1/../../../../arm-none-eabi/lib/thumb/v7-m/nofp/libc.a
LOAD /home/lsh/gnu_toolchain/xpack-arm-none-eabi-gcc-14.2.1-1.1/bin/../lib/gcc/arm-none-eabi/14.2.1/../../../../arm-none-eabi/lib/thumb/v7-m/nofp/libm.a
LOAD /home/lsh/gnu_toolchain/xpack-arm-none-eabi-gcc-14.2.1-1.1/bin/../lib/gcc/arm-none-eabi/14.2.1/thumb/v7-m/nofp/libgcc.a

.ARM.attributes
                0x00000000       0x29
 .ARM.attributes
                0x00000000       0x1d /home/lsh/gnu_toolchain/xpack-arm-none-eabi-gcc-14.2.1-1.1/bin/../lib/gcc/arm-none-eabi/14.2.1/thumb/v7-m/nofp/crti.o
 .ARM.attributes
                0x0000001d       0x2d /home/lsh/gnu_toolchain/xpack-arm-none-eabi-gcc-14.2.1-1.1/bin/../lib/gcc/arm-none-eabi/14.2.1/thumb/v7-m/nofp/crtbegin.o
 .ARM.attributes
                0x0000004a       0x2d /home/lsh/gnu_toolchain/xpack-arm-none-eabi-gcc-14.2.1-1.1/bin/../lib/gcc/arm-none-eabi/14.2.1/../../../../arm-none-eabi/lib/thumb/v7-m/nofp/libc_nano.a(libc_a-nano-vfprintf_float.o)
 .ARM.attributes
                0x00000077       0x2d /home/lsh/gnu_toolchain/xpack-arm-none-eabi-gcc-14.2.1-1.1/bin/../lib/gcc/arm-none-eabi/14.2.1/../../../../arm-none-eabi/lib/thumb/v7-m/nofp/libc_nano.a(libc_a-nano-vfprintf_i.o)
 .ARM.attributes
                0x000000a4       0x2d /home/lsh/gnu_toolchain/xpack-arm-none-eabi-gcc-14.2.1-1.1/bin/../lib/gcc/arm-none-eabi/14.2.1/../../../../arm-none-eabi/lib/thumb/v7-m/nofp/libc_nano.a(libc_a-findfp.o)
 .ARM.attributes
                0x000000d1       0x2d /home/lsh/gnu_toolchain/xpack-arm-none-eabi-gcc-14.2.1-1.1/bin/../lib/gcc/arm-none-eabi/14.2.1/../../../../arm-none-eabi/lib/thumb/v7-m/nofp/libc_nano.a(libc_a-fwalk.o)
 .ARM.attributes
                0x000000fe       0x2d /home/lsh/gnu_toolchain/xpack-arm-none-eabi-gcc-14.2.1-1.1/bin/../lib/gcc/arm-none-eabi/14.2.1/../../../../arm-none-eabi/lib/thumb/v7-m/nofp/libc_nano.a(libc_a-stdio.o)
 .ARM.attributes
                0x0000012b       0x2d /home/lsh/gnu_toolchain/xpack-arm-none-eabi-gcc-14.2.1-1.1/bin/../lib/gcc/arm-none-eabi/14.2.1/../../../../arm-none-eabi/lib/thumb/v7-m/nofp/libc_nano.a(libc_a-memset.o)
 .ARM.attributes
                0x00000158       0x2d /home/lsh/gnu_toolchain/xpack-arm-none-eabi-gcc-14.2.1-1.1/bin/../lib/gcc/arm-none-eabi/14.2.1/../../../../arm-none-eabi/lib/thumb/v7-m/nofp/libc_nano.a(libc_a-localeconv.o)
 .ARM.attributes
                0x00000185       0x2d /home/lsh/gnu_toolchain/xpack-arm-none-eabi-gcc-14.2.1-1.1/bin/../lib/gcc/arm-none-eabi/14.2.1/../../../../arm-none-eabi/lib/thumb/v7-m/nofp/libc_nano.a(libc_a-closer.o)
 .ARM.attributes
                0x000001b2       0x2d /home/lsh/gnu_toolchain/xpack-arm-none-eabi-gcc-14.2.1-1.1/bin/../lib/gcc/arm-none-eabi/14.2.1/../../../../arm-none-eabi/lib/thumb/v7-m/nofp/libc_nano.a(libc_a-reent.o)
 .ARM.attributes
                0x000001df       0x2d /home/lsh/gnu_toolchain/xpack-arm-none-eabi-gcc-14.2.1-1.1/bin/../lib/gcc/arm-none-eabi/14.2.1/../../../../arm-none-eabi/lib/thumb/v7-m/nofp/libc_nano.a(libc_a-impure.o)
 .ARM.attributes
                0x0000020c       0x2d /home/lsh/gnu_toolchain/xpack-arm-none-eabi-gcc-14.2.1-1.1/bin/../lib/gcc/arm-none-eabi/14.2.1/../../../../arm-none-eabi/lib/thumb/v7-m/nofp/libc_nano.a(libc_a-lseekr.o)
 .ARM.attributes
                0x00000239       0x2d /home/lsh/gnu_toolchain/xpack-arm-none-eabi-gcc-14.2.1-1.1/bin/../lib/gcc/arm-none-eabi/14.2.1/../../../../arm-none-eabi/lib/thumb/v7-m/nofp/libc_nano.a(libc_a-readr.o)
 .ARM.attributes
                0x00000266       0x2d /home/lsh/gnu_toolchain/xpack-arm-none-eabi-gcc-14.2.1-1.1/bin/../lib/gcc/arm-none-eabi/14.2.1/../../../../arm-none-eabi/lib/thumb/v7-m/nofp/libc_nano.a(libc_a-writer.o)
 .ARM.attributes
                0x00000293       0x2d /home/lsh/gnu_toolchain/xpack-arm-none-eabi-gcc-14.2.1-1.1/bin/../lib/gcc/arm-none-eabi/14.2.1/../../../../arm-none-eabi/lib/thumb/v7-m/nofp/libc_nano.a(libc_a-init.o)
 .ARM.attributes
                0x000002c0       0x2d /home/lsh/gnu_toolchain/xpack-arm-none-eabi-gcc-14.2.1-1.1/bin/../lib/gcc/arm-none-eabi/14.2.1/../../../../arm-none-eabi/lib/thumb/v7-m/nofp/libc_nano.a(libc_a-lock.o)
 .ARM.attributes
                0x000002ed       0x2d /home/lsh/gnu_toolchain/xpack-arm-none-eabi-gcc-14.2.1-1.1/bin/../lib/gcc/arm-none-eabi/14.2.1/../../../../arm-none-eabi/lib/thumb/v7-m/nofp/libc_nano.a(libc_a-memchr-stub.o)
 .ARM.attributes
                0x0000031a       0x17 /home/lsh/gnu_toolchain/xpack-arm-none-eabi-gcc-14.2.1-1.1/bin/../lib/gcc/arm-none-eabi/14.2.1/../../../../arm-none-eabi/lib/thumb/v7-m/nofp/libc_nano.a(libc_a-strlen.o)
 .ARM.attributes
                0x00000331       0x2d /home/lsh/gnu_toolchain/xpack-arm-none-eabi-gcc-14.2.1-1.1/bin/../lib/gcc/arm-none-eabi/14.2.1/../../../../arm-none-eabi/lib/thumb/v7-m/nofp/libc_nano.a(libc_a-dtoa.o)
 .ARM.attributes
                0x0000035e       0x2d /home/lsh/gnu_toolchain/xpack-arm-none-eabi-gcc-14.2.1-1.1/bin/../lib/gcc/arm-none-eabi/14.2.1/../../../../arm-none-eabi/lib/thumb/v7-m/nofp/libc_nano.a(libc_a-freer.o)
 .ARM.attributes
                0x0000038b       0x2d /home/lsh/gnu_toolchain/xpack-arm-none-eabi-gcc-14.2.1-1.1/bin/../lib/gcc/arm-none-eabi/14.2.1/../../../../arm-none-eabi/lib/thumb/v7-m/nofp/libc_nano.a(libc_a-malloc.o)
 .ARM.attributes
                0x000003b8       0x2d /home/lsh/gnu_toolchain/xpack-arm-none-eabi-gcc-14.2.1-1.1/bin/../lib/gcc/arm-none-eabi/14.2.1/../../../../arm-none-eabi/lib/thumb/v7-m/nofp/libc_nano.a(libc_a-mallocr.o)
 .ARM.attributes
                0x000003e5       0x2d /home/lsh/gnu_toolchain/xpack-arm-none-eabi-gcc-14.2.1-1.1/bin/../lib/gcc/arm-none-eabi/14.2.1/../../../../arm-none-eabi/lib/thumb/v7-m/nofp/libc_nano.a(libc_a-mlock.o)
 .ARM.attributes
                0x00000412       0x2d /home/lsh/gnu_toolchain/xpack-arm-none-eabi-gcc-14.2.1-1.1/bin/../lib/gcc/arm-none-eabi/14.2.1/../../../../arm-none-eabi/lib/thumb/v7-m/nofp/libc_nano.a(libc_a-mprec.o)
 .ARM.attributes
                0x0000043f       0x2d /home/lsh/gnu_toolchain/xpack-arm-none-eabi-gcc-14.2.1-1.1/bin/../lib/gcc/arm-none-eabi/14.2.1/../../../../arm-none-eabi/lib/thumb/v7-m/nofp/libc_nano.a(libc_a-fflush.o)
 .ARM.attributes
                0x0000046c       0x2d /home/lsh/gnu_toolchain/xpack-arm-none-eabi-gcc-14.2.1-1.1/bin/../lib/gcc/arm-none-eabi/14.2.1/../../../../arm-none-eabi/lib/thumb/v7-m/nofp/libc_nano.a(libc_a-locale.o)
 .ARM.attributes
                0x00000499       0x2d /home/lsh/gnu_toolchain/xpack-arm-none-eabi-gcc-14.2.1-1.1/bin/../lib/gcc/arm-none-eabi/14.2.1/../../../../arm-none-eabi/lib/thumb/v7-m/nofp/libc_nano.a(libc_a-sbrkr.o)
 .ARM.attributes
                0x000004c6       0x2d /home/lsh/gnu_toolchain/xpack-arm-none-eabi-gcc-14.2.1-1.1/bin/../lib/gcc/arm-none-eabi/14.2.1/../../../../arm-none-eabi/lib/thumb/v7-m/nofp/libc_nano.a(libc_a-memcpy-stub.o)
 .ARM.attributes
                0x000004f3       0x2d /home/lsh/gnu_toolchain/xpack-arm-none-eabi-gcc-14.2.1-1.1/bin/../lib/gcc/arm-none-eabi/14.2.1/../../../../arm-none-eabi/lib/thumb/v7-m/nofp/libc_nano.a(libc_a-assert.o)
 .ARM.attributes
                0x00000520       0x2d /home/lsh/gnu_toolchain/xpack-arm-none-eabi-gcc-14.2.1-1.1/bin/../lib/gcc/arm-none-eabi/14.2.1/../../../../arm-none-eabi/lib/thumb/v7-m/nofp/libc_nano.a(libc_a-callocr.o)
 .ARM.attributes
                0x0000054d       0x2d /home/lsh/gnu_toolchain/xpack-arm-none-eabi-gcc-14.2.1-1.1/bin/../lib/gcc/arm-none-eabi/14.2.1/../../../../arm-none-eabi/lib/thumb/v7-m/nofp/libc_nano.a(libc_a-mbtowc_r.o)
 .ARM.attributes
                0x0000057a       0x2d /home/lsh/gnu_toolchain/xpack-arm-none-eabi-gcc-14.2.1-1.1/bin/../lib/gcc/arm-none-eabi/14.2.1/../../../../arm-none-eabi/lib/thumb/v7-m/nofp/libc_nano.a(libc_a-wctomb_r.o)
 .ARM.attributes
                0x000005a7       0x2d /home/lsh/gnu_toolchain/xpack-arm-none-eabi-gcc-14.2.1-1.1/bin/../lib/gcc/arm-none-eabi/14.2.1/../../../../arm-none-eabi/lib/thumb/v7-m/nofp/libc_nano.a(libc_a-ctype_.o)
 .ARM.attributes
                0x000005d4       0x2d /home/lsh/gnu_toolchain/xpack-arm-none-eabi-gcc-14.2.1-1.1/bin/../lib/gcc/arm-none-eabi/14.2.1/../../../../arm-none-eabi/lib/thumb/v7-m/nofp/libc_nano.a(libc_a-fprintf.o)
 .ARM.attributes
                0x00000601       0x2d /home/lsh/gnu_toolchain/xpack-arm-none-eabi-gcc-14.2.1-1.1/bin/../lib/gcc/arm-none-eabi/14.2.1/../../../../arm-none-eabi/lib/thumb/v7-m/nofp/libc_nano.a(libc_a-abort.o)
 .ARM.attributes
                0x0000062e       0x2d /home/lsh/gnu_toolchain/xpack-arm-none-eabi-gcc-14.2.1-1.1/bin/../lib/gcc/arm-none-eabi/14.2.1/../../../../arm-none-eabi/lib/thumb/v7-m/nofp/libc_nano.a(libc_a-nano-vfprintf.o)
 .ARM.attributes
                0x0000065b       0x2d /home/lsh/gnu_toolchain/xpack-arm-none-eabi-gcc-14.2.1-1.1/bin/../lib/gcc/arm-none-eabi/14.2.1/../../../../arm-none-eabi/lib/thumb/v7-m/nofp/libc_nano.a(libc_a-wbuf.o)
 .ARM.attributes
                0x00000688       0x2d /home/lsh/gnu_toolchain/xpack-arm-none-eabi-gcc-14.2.1-1.1/bin/../lib/gcc/arm-none-eabi/14.2.1/../../../../arm-none-eabi/lib/thumb/v7-m/nofp/libc_nano.a(libc_a-wsetup.o)
 .ARM.attributes
                0x000006b5       0x2d /home/lsh/gnu_toolchain/xpack-arm-none-eabi-gcc-14.2.1-1.1/bin/../lib/gcc/arm-none-eabi/14.2.1/../../../../arm-none-eabi/lib/thumb/v7-m/nofp/libc_nano.a(libc_a-signal.o)
 .ARM.attributes
                0x000006e2       0x2d /home/lsh/gnu_toolchain/xpack-arm-none-eabi-gcc-14.2.1-1.1/bin/../lib/gcc/arm-none-eabi/14.2.1/../../../../arm-none-eabi/lib/thumb/v7-m/nofp/libc_nano.a(libc_a-signalr.o)
 .ARM.attributes
                0x0000070f       0x2d /home/lsh/gnu_toolchain/xpack-arm-none-eabi-gcc-14.2.1-1.1/bin/../lib/gcc/arm-none-eabi/14.2.1/../../../../arm-none-eabi/lib/thumb/v7-m/nofp/libc_nano.a(libc_a-makebuf.o)
 .ARM.attributes
                0x0000073c       0x2d /home/lsh/gnu_toolchain/xpack-arm-none-eabi-gcc-14.2.1-1.1/bin/../lib/gcc/arm-none-eabi/14.2.1/../../../../arm-none-eabi/lib/thumb/v7-m/nofp/libc_nano.a(libc_a-fstatr.o)
 .ARM.attributes
                0x00000769       0x2d /home/lsh/gnu_toolchain/xpack-arm-none-eabi-gcc-14.2.1-1.1/bin/../lib/gcc/arm-none-eabi/14.2.1/../../../../arm-none-eabi/lib/thumb/v7-m/nofp/libc_nano.a(libc_a-isattyr.o)
 .ARM.attributes
                0x00000796       0x2d CMakeFiles/dome.dir/Core/Src/main.c.obj
 .ARM.attributes
                0x000007c3       0x2d CMakeFiles/dome.dir/Core/Src/gpio.c.obj
 .ARM.attributes
                0x000007f0       0x2d CMakeFiles/dome.dir/Core/Src/stm32f1xx_it.c.obj
 .ARM.attributes
                0x0000081d       0x2d CMakeFiles/dome.dir/Core/Src/stm32f1xx_hal_msp.c.obj
 .ARM.attributes
                0x0000084a       0x2d CMakeFiles/dome.dir/Core/Src/sysmem.c.obj
 .ARM.attributes
                0x00000877       0x2d CMakeFiles/dome.dir/Core/Src/syscalls.c.obj
 .ARM.attributes
                0x000008a4       0x21 CMakeFiles/dome.dir/startup_stm32f103xb.s.obj
 .ARM.attributes
                0x000008c5       0x2d cmake/stm32cubemx/CMakeFiles/STM32_Drivers.dir/__/__/Core/Src/system_stm32f1xx.c.obj
 .ARM.attributes
                0x000008f2       0x2d cmake/stm32cubemx/CMakeFiles/STM32_Drivers.dir/__/__/Drivers/STM32F1xx_HAL_Driver/Src/stm32f1xx_hal.c.obj
 .ARM.attributes
                0x0000091f       0x2d cmake/stm32cubemx/CMakeFiles/STM32_Drivers.dir/__/__/Drivers/STM32F1xx_HAL_Driver/Src/stm32f1xx_hal_rcc.c.obj
 .ARM.attributes
                0x0000094c       0x2d cmake/stm32cubemx/CMakeFiles/STM32_Drivers.dir/__/__/Drivers/STM32F1xx_HAL_Driver/Src/stm32f1xx_hal_gpio.c.obj
 .ARM.attributes
                0x00000979       0x2d cmake/stm32cubemx/CMakeFiles/STM32_Drivers.dir/__/__/Drivers/STM32F1xx_HAL_Driver/Src/stm32f1xx_hal_cortex.c.obj
 .ARM.attributes
                0x000009a6       0x1d /home/lsh/gnu_toolchain/xpack-arm-none-eabi-gcc-14.2.1-1.1/bin/../lib/gcc/arm-none-eabi/14.2.1/thumb/v7-m/nofp/libgcc.a(_arm_addsubdf3.o)
 .ARM.attributes
                0x000009c3       0x1d /home/lsh/gnu_toolchain/xpack-arm-none-eabi-gcc-14.2.1-1.1/bin/../lib/gcc/arm-none-eabi/14.2.1/thumb/v7-m/nofp/libgcc.a(_arm_muldivdf3.o)
 .ARM.attributes
                0x000009e0       0x1d /home/lsh/gnu_toolchain/xpack-arm-none-eabi-gcc-14.2.1-1.1/bin/../lib/gcc/arm-none-eabi/14.2.1/thumb/v7-m/nofp/libgcc.a(_arm_cmpdf2.o)
 .ARM.attributes
                0x000009fd       0x1d /home/lsh/gnu_toolchain/xpack-arm-none-eabi-gcc-14.2.1-1.1/bin/../lib/gcc/arm-none-eabi/14.2.1/thumb/v7-m/nofp/libgcc.a(_arm_unorddf2.o)
 .ARM.attributes
                0x00000a1a       0x1d /home/lsh/gnu_toolchain/xpack-arm-none-eabi-gcc-14.2.1-1.1/bin/../lib/gcc/arm-none-eabi/14.2.1/thumb/v7-m/nofp/libgcc.a(_arm_fixdfsi.o)
 .ARM.attributes
                0x00000a37       0x2d /home/lsh/gnu_toolchain/xpack-arm-none-eabi-gcc-14.2.1-1.1/bin/../lib/gcc/arm-none-eabi/14.2.1/../../../../arm-none-eabi/lib/thumb/v7-m/nofp/libg_nano.a(libc_a-errno.o)
 .ARM.attributes
                0x00000a64       0x1d /home/lsh/gnu_toolchain/xpack-arm-none-eabi-gcc-14.2.1-1.1/bin/../lib/gcc/arm-none-eabi/14.2.1/thumb/v7-m/nofp/crtn.o

.comment        0x00000000       0x39
 .comment       0x00000000       0x39 /home/lsh/gnu_toolchain/xpack-arm-none-eabi-gcc-14.2.1-1.1/bin/../lib/gcc/arm-none-eabi/14.2.1/thumb/v7-m/nofp/crtbegin.o
                                 0x3a (size before relaxing)
 .comment       0x00000039       0x3a /home/lsh/gnu_toolchain/xpack-arm-none-eabi-gcc-14.2.1-1.1/bin/../lib/gcc/arm-none-eabi/14.2.1/../../../../arm-none-eabi/lib/thumb/v7-m/nofp/libc_nano.a(libc_a-nano-vfprintf_float.o)
 .comment       0x00000039       0x3a /home/lsh/gnu_toolchain/xpack-arm-none-eabi-gcc-14.2.1-1.1/bin/../lib/gcc/arm-none-eabi/14.2.1/../../../../arm-none-eabi/lib/thumb/v7-m/nofp/libc_nano.a(libc_a-nano-vfprintf_i.o)
 .comment       0x00000039       0x3a /home/lsh/gnu_toolchain/xpack-arm-none-eabi-gcc-14.2.1-1.1/bin/../lib/gcc/arm-none-eabi/14.2.1/../../../../arm-none-eabi/lib/thumb/v7-m/nofp/libc_nano.a(libc_a-findfp.o)
 .comment       0x00000039       0x3a /home/lsh/gnu_toolchain/xpack-arm-none-eabi-gcc-14.2.1-1.1/bin/../lib/gcc/arm-none-eabi/14.2.1/../../../../arm-none-eabi/lib/thumb/v7-m/nofp/libc_nano.a(libc_a-fwalk.o)
 .comment       0x00000039       0x3a /home/lsh/gnu_toolchain/xpack-arm-none-eabi-gcc-14.2.1-1.1/bin/../lib/gcc/arm-none-eabi/14.2.1/../../../../arm-none-eabi/lib/thumb/v7-m/nofp/libc_nano.a(libc_a-stdio.o)
 .comment       0x00000039       0x3a /home/lsh/gnu_toolchain/xpack-arm-none-eabi-gcc-14.2.1-1.1/bin/../lib/gcc/arm-none-eabi/14.2.1/../../../../arm-none-eabi/lib/thumb/v7-m/nofp/libc_nano.a(libc_a-memset.o)
 .comment       0x00000039       0x3a /home/lsh/gnu_toolchain/xpack-arm-none-eabi-gcc-14.2.1-1.1/bin/../lib/gcc/arm-none-eabi/14.2.1/../../../../arm-none-eabi/lib/thumb/v7-m/nofp/libc_nano.a(libc_a-localeconv.o)
 .comment       0x00000039       0x3a /home/lsh/gnu_toolchain/xpack-arm-none-eabi-gcc-14.2.1-1.1/bin/../lib/gcc/arm-none-eabi/14.2.1/../../../../arm-none-eabi/lib/thumb/v7-m/nofp/libc_nano.a(libc_a-closer.o)
 .comment       0x00000039       0x3a /home/lsh/gnu_toolchain/xpack-arm-none-eabi-gcc-14.2.1-1.1/bin/../lib/gcc/arm-none-eabi/14.2.1/../../../../arm-none-eabi/lib/thumb/v7-m/nofp/libc_nano.a(libc_a-reent.o)
 .comment       0x00000039       0x3a /home/lsh/gnu_toolchain/xpack-arm-none-eabi-gcc-14.2.1-1.1/bin/../lib/gcc/arm-none-eabi/14.2.1/../../../../arm-none-eabi/lib/thumb/v7-m/nofp/libc_nano.a(libc_a-impure.o)
 .comment       0x00000039       0x3a /home/lsh/gnu_toolchain/xpack-arm-none-eabi-gcc-14.2.1-1.1/bin/../lib/gcc/arm-none-eabi/14.2.1/../../../../arm-none-eabi/lib/thumb/v7-m/nofp/libc_nano.a(libc_a-lseekr.o)
 .comment       0x00000039       0x3a /home/lsh/gnu_toolchain/xpack-arm-none-eabi-gcc-14.2.1-1.1/bin/../lib/gcc/arm-none-eabi/14.2.1/../../../../arm-none-eabi/lib/thumb/v7-m/nofp/libc_nano.a(libc_a-readr.o)
 .comment       0x00000039       0x3a /home/lsh/gnu_toolchain/xpack-arm-none-eabi-gcc-14.2.1-1.1/bin/../lib/gcc/arm-none-eabi/14.2.1/../../../../arm-none-eabi/lib/thumb/v7-m/nofp/libc_nano.a(libc_a-writer.o)
 .comment       0x00000039       0x3a /home/lsh/gnu_toolchain/xpack-arm-none-eabi-gcc-14.2.1-1.1/bin/../lib/gcc/arm-none-eabi/14.2.1/../../../../arm-none-eabi/lib/thumb/v7-m/nofp/libc_nano.a(libc_a-init.o)
 .comment       0x00000039       0x3a /home/lsh/gnu_toolchain/xpack-arm-none-eabi-gcc-14.2.1-1.1/bin/../lib/gcc/arm-none-eabi/14.2.1/../../../../arm-none-eabi/lib/thumb/v7-m/nofp/libc_nano.a(libc_a-lock.o)
 .comment       0x00000039       0x3a /home/lsh/gnu_toolchain/xpack-arm-none-eabi-gcc-14.2.1-1.1/bin/../lib/gcc/arm-none-eabi/14.2.1/../../../../arm-none-eabi/lib/thumb/v7-m/nofp/libc_nano.a(libc_a-memchr-stub.o)
 .comment       0x00000039       0x3a /home/lsh/gnu_toolchain/xpack-arm-none-eabi-gcc-14.2.1-1.1/bin/../lib/gcc/arm-none-eabi/14.2.1/../../../../arm-none-eabi/lib/thumb/v7-m/nofp/libc_nano.a(libc_a-dtoa.o)
 .comment       0x00000039       0x3a /home/lsh/gnu_toolchain/xpack-arm-none-eabi-gcc-14.2.1-1.1/bin/../lib/gcc/arm-none-eabi/14.2.1/../../../../arm-none-eabi/lib/thumb/v7-m/nofp/libc_nano.a(libc_a-freer.o)
 .comment       0x00000039       0x3a /home/lsh/gnu_toolchain/xpack-arm-none-eabi-gcc-14.2.1-1.1/bin/../lib/gcc/arm-none-eabi/14.2.1/../../../../arm-none-eabi/lib/thumb/v7-m/nofp/libc_nano.a(libc_a-malloc.o)
 .comment       0x00000039       0x3a /home/lsh/gnu_toolchain/xpack-arm-none-eabi-gcc-14.2.1-1.1/bin/../lib/gcc/arm-none-eabi/14.2.1/../../../../arm-none-eabi/lib/thumb/v7-m/nofp/libc_nano.a(libc_a-mallocr.o)
 .comment       0x00000039       0x3a /home/lsh/gnu_toolchain/xpack-arm-none-eabi-gcc-14.2.1-1.1/bin/../lib/gcc/arm-none-eabi/14.2.1/../../../../arm-none-eabi/lib/thumb/v7-m/nofp/libc_nano.a(libc_a-mlock.o)
 .comment       0x00000039       0x3a /home/lsh/gnu_toolchain/xpack-arm-none-eabi-gcc-14.2.1-1.1/bin/../lib/gcc/arm-none-eabi/14.2.1/../../../../arm-none-eabi/lib/thumb/v7-m/nofp/libc_nano.a(libc_a-mprec.o)
 .comment       0x00000039       0x3a /home/lsh/gnu_toolchain/xpack-arm-none-eabi-gcc-14.2.1-1.1/bin/../lib/gcc/arm-none-eabi/14.2.1/../../../../arm-none-eabi/lib/thumb/v7-m/nofp/libc_nano.a(libc_a-fflush.o)
 .comment       0x00000039       0x3a /home/lsh/gnu_toolchain/xpack-arm-none-eabi-gcc-14.2.1-1.1/bin/../lib/gcc/arm-none-eabi/14.2.1/../../../../arm-none-eabi/lib/thumb/v7-m/nofp/libc_nano.a(libc_a-locale.o)
 .comment       0x00000039       0x3a /home/lsh/gnu_toolchain/xpack-arm-none-eabi-gcc-14.2.1-1.1/bin/../lib/gcc/arm-none-eabi/14.2.1/../../../../arm-none-eabi/lib/thumb/v7-m/nofp/libc_nano.a(libc_a-sbrkr.o)
 .comment       0x00000039       0x3a /home/lsh/gnu_toolchain/xpack-arm-none-eabi-gcc-14.2.1-1.1/bin/../lib/gcc/arm-none-eabi/14.2.1/../../../../arm-none-eabi/lib/thumb/v7-m/nofp/libc_nano.a(libc_a-memcpy-stub.o)
 .comment       0x00000039       0x3a /home/lsh/gnu_toolchain/xpack-arm-none-eabi-gcc-14.2.1-1.1/bin/../lib/gcc/arm-none-eabi/14.2.1/../../../../arm-none-eabi/lib/thumb/v7-m/nofp/libc_nano.a(libc_a-assert.o)
 .comment       0x00000039       0x3a /home/lsh/gnu_toolchain/xpack-arm-none-eabi-gcc-14.2.1-1.1/bin/../lib/gcc/arm-none-eabi/14.2.1/../../../../arm-none-eabi/lib/thumb/v7-m/nofp/libc_nano.a(libc_a-callocr.o)
 .comment       0x00000039       0x3a /home/lsh/gnu_toolchain/xpack-arm-none-eabi-gcc-14.2.1-1.1/bin/../lib/gcc/arm-none-eabi/14.2.1/../../../../arm-none-eabi/lib/thumb/v7-m/nofp/libc_nano.a(libc_a-mbtowc_r.o)
 .comment       0x00000039       0x3a /home/lsh/gnu_toolchain/xpack-arm-none-eabi-gcc-14.2.1-1.1/bin/../lib/gcc/arm-none-eabi/14.2.1/../../../../arm-none-eabi/lib/thumb/v7-m/nofp/libc_nano.a(libc_a-wctomb_r.o)
 .comment       0x00000039       0x3a /home/lsh/gnu_toolchain/xpack-arm-none-eabi-gcc-14.2.1-1.1/bin/../lib/gcc/arm-none-eabi/14.2.1/../../../../arm-none-eabi/lib/thumb/v7-m/nofp/libc_nano.a(libc_a-ctype_.o)
 .comment       0x00000039       0x3a /home/lsh/gnu_toolchain/xpack-arm-none-eabi-gcc-14.2.1-1.1/bin/../lib/gcc/arm-none-eabi/14.2.1/../../../../arm-none-eabi/lib/thumb/v7-m/nofp/libc_nano.a(libc_a-fprintf.o)
 .comment       0x00000039       0x3a /home/lsh/gnu_toolchain/xpack-arm-none-eabi-gcc-14.2.1-1.1/bin/../lib/gcc/arm-none-eabi/14.2.1/../../../../arm-none-eabi/lib/thumb/v7-m/nofp/libc_nano.a(libc_a-abort.o)
 .comment       0x00000039       0x3a /home/lsh/gnu_toolchain/xpack-arm-none-eabi-gcc-14.2.1-1.1/bin/../lib/gcc/arm-none-eabi/14.2.1/../../../../arm-none-eabi/lib/thumb/v7-m/nofp/libc_nano.a(libc_a-nano-vfprintf.o)
 .comment       0x00000039       0x3a /home/lsh/gnu_toolchain/xpack-arm-none-eabi-gcc-14.2.1-1.1/bin/../lib/gcc/arm-none-eabi/14.2.1/../../../../arm-none-eabi/lib/thumb/v7-m/nofp/libc_nano.a(libc_a-wbuf.o)
 .comment       0x00000039       0x3a /home/lsh/gnu_toolchain/xpack-arm-none-eabi-gcc-14.2.1-1.1/bin/../lib/gcc/arm-none-eabi/14.2.1/../../../../arm-none-eabi/lib/thumb/v7-m/nofp/libc_nano.a(libc_a-wsetup.o)
 .comment       0x00000039       0x3a /home/lsh/gnu_toolchain/xpack-arm-none-eabi-gcc-14.2.1-1.1/bin/../lib/gcc/arm-none-eabi/14.2.1/../../../../arm-none-eabi/lib/thumb/v7-m/nofp/libc_nano.a(libc_a-signal.o)
 .comment       0x00000039       0x3a /home/lsh/gnu_toolchain/xpack-arm-none-eabi-gcc-14.2.1-1.1/bin/../lib/gcc/arm-none-eabi/14.2.1/../../../../arm-none-eabi/lib/thumb/v7-m/nofp/libc_nano.a(libc_a-signalr.o)
 .comment       0x00000039       0x3a /home/lsh/gnu_toolchain/xpack-arm-none-eabi-gcc-14.2.1-1.1/bin/../lib/gcc/arm-none-eabi/14.2.1/../../../../arm-none-eabi/lib/thumb/v7-m/nofp/libc_nano.a(libc_a-makebuf.o)
 .comment       0x00000039       0x3a /home/lsh/gnu_toolchain/xpack-arm-none-eabi-gcc-14.2.1-1.1/bin/../lib/gcc/arm-none-eabi/14.2.1/../../../../arm-none-eabi/lib/thumb/v7-m/nofp/libc_nano.a(libc_a-fstatr.o)
 .comment       0x00000039       0x3a /home/lsh/gnu_toolchain/xpack-arm-none-eabi-gcc-14.2.1-1.1/bin/../lib/gcc/arm-none-eabi/14.2.1/../../../../arm-none-eabi/lib/thumb/v7-m/nofp/libc_nano.a(libc_a-isattyr.o)
 .comment       0x00000039       0x3a CMakeFiles/dome.dir/Core/Src/main.c.obj
 .comment       0x00000039       0x3a CMakeFiles/dome.dir/Core/Src/gpio.c.obj
 .comment       0x00000039       0x3a CMakeFiles/dome.dir/Core/Src/stm32f1xx_it.c.obj
 .comment       0x00000039       0x3a CMakeFiles/dome.dir/Core/Src/stm32f1xx_hal_msp.c.obj
 .comment       0x00000039       0x3a CMakeFiles/dome.dir/Core/Src/sysmem.c.obj
 .comment       0x00000039       0x3a CMakeFiles/dome.dir/Core/Src/syscalls.c.obj
 .comment       0x00000039       0x3a cmake/stm32cubemx/CMakeFiles/STM32_Drivers.dir/__/__/Core/Src/system_stm32f1xx.c.obj
 .comment       0x00000039       0x3a cmake/stm32cubemx/CMakeFiles/STM32_Drivers.dir/__/__/Drivers/STM32F1xx_HAL_Driver/Src/stm32f1xx_hal.c.obj
 .comment       0x00000039       0x3a cmake/stm32cubemx/CMakeFiles/STM32_Drivers.dir/__/__/Drivers/STM32F1xx_HAL_Driver/Src/stm32f1xx_hal_rcc.c.obj
 .comment       0x00000039       0x3a cmake/stm32cubemx/CMakeFiles/STM32_Drivers.dir/__/__/Drivers/STM32F1xx_HAL_Driver/Src/stm32f1xx_hal_gpio.c.obj
 .comment       0x00000039       0x3a cmake/stm32cubemx/CMakeFiles/STM32_Drivers.dir/__/__/Drivers/STM32F1xx_HAL_Driver/Src/stm32f1xx_hal_cortex.c.obj
 .comment       0x00000039       0x3a /home/lsh/gnu_toolchain/xpack-arm-none-eabi-gcc-14.2.1-1.1/bin/../lib/gcc/arm-none-eabi/14.2.1/../../../../arm-none-eabi/lib/thumb/v7-m/nofp/libg_nano.a(libc_a-errno.o)

.debug_info     0x00000000     0x3188
 .debug_info    0x00000000      0x29d CMakeFiles/dome.dir/Core/Src/main.c.obj
 .debug_info    0x0000029d      0x27f CMakeFiles/dome.dir/Core/Src/gpio.c.obj
 .debug_info    0x0000051c      0x113 CMakeFiles/dome.dir/Core/Src/stm32f1xx_it.c.obj
 .debug_info    0x0000062f      0x1f1 CMakeFiles/dome.dir/Core/Src/stm32f1xx_hal_msp.c.obj
 .debug_info    0x00000820      0x168 CMakeFiles/dome.dir/Core/Src/sysmem.c.obj
 .debug_info    0x00000988      0x6a3 CMakeFiles/dome.dir/Core/Src/syscalls.c.obj
 .debug_info    0x0000102b       0x30 CMakeFiles/dome.dir/startup_stm32f103xb.s.obj
 .debug_info    0x0000105b      0x222 cmake/stm32cubemx/CMakeFiles/STM32_Drivers.dir/__/__/Core/Src/system_stm32f1xx.c.obj
 .debug_info    0x0000127d      0x704 cmake/stm32cubemx/CMakeFiles/STM32_Drivers.dir/__/__/Drivers/STM32F1xx_HAL_Driver/Src/stm32f1xx_hal.c.obj
 .debug_info    0x00001981      0x7d5 cmake/stm32cubemx/CMakeFiles/STM32_Drivers.dir/__/__/Drivers/STM32F1xx_HAL_Driver/Src/stm32f1xx_hal_rcc.c.obj
 .debug_info    0x00002156      0x5ab cmake/stm32cubemx/CMakeFiles/STM32_Drivers.dir/__/__/Drivers/STM32F1xx_HAL_Driver/Src/stm32f1xx_hal_gpio.c.obj
 .debug_info    0x00002701      0xa87 cmake/stm32cubemx/CMakeFiles/STM32_Drivers.dir/__/__/Drivers/STM32F1xx_HAL_Driver/Src/stm32f1xx_hal_cortex.c.obj

.debug_abbrev   0x00000000     0x1153
 .debug_abbrev  0x00000000      0x186 CMakeFiles/dome.dir/Core/Src/main.c.obj
 .debug_abbrev  0x00000186      0x134 CMakeFiles/dome.dir/Core/Src/gpio.c.obj
 .debug_abbrev  0x000002ba       0x73 CMakeFiles/dome.dir/Core/Src/stm32f1xx_it.c.obj
 .debug_abbrev  0x0000032d       0xdb CMakeFiles/dome.dir/Core/Src/stm32f1xx_hal_msp.c.obj
 .debug_abbrev  0x00000408       0xbc CMakeFiles/dome.dir/Core/Src/sysmem.c.obj
 .debug_abbrev  0x000004c4      0x1b6 CMakeFiles/dome.dir/Core/Src/syscalls.c.obj
 .debug_abbrev  0x0000067a       0x24 CMakeFiles/dome.dir/startup_stm32f103xb.s.obj
 .debug_abbrev  0x0000069e      0x13f cmake/stm32cubemx/CMakeFiles/STM32_Drivers.dir/__/__/Core/Src/system_stm32f1xx.c.obj
 .debug_abbrev  0x000007dd      0x201 cmake/stm32cubemx/CMakeFiles/STM32_Drivers.dir/__/__/Drivers/STM32F1xx_HAL_Driver/Src/stm32f1xx_hal.c.obj
 .debug_abbrev  0x000009de      0x2b3 cmake/stm32cubemx/CMakeFiles/STM32_Drivers.dir/__/__/Drivers/STM32F1xx_HAL_Driver/Src/stm32f1xx_hal_rcc.c.obj
 .debug_abbrev  0x00000c91      0x1ca cmake/stm32cubemx/CMakeFiles/STM32_Drivers.dir/__/__/Drivers/STM32F1xx_HAL_Driver/Src/stm32f1xx_hal_gpio.c.obj
 .debug_abbrev  0x00000e5b      0x2f8 cmake/stm32cubemx/CMakeFiles/STM32_Drivers.dir/__/__/Drivers/STM32F1xx_HAL_Driver/Src/stm32f1xx_hal_cortex.c.obj

.debug_aranges  0x00000000      0x4b0
 .debug_aranges
                0x00000000       0x30 CMakeFiles/dome.dir/Core/Src/main.c.obj
 .debug_aranges
                0x00000030       0x20 CMakeFiles/dome.dir/Core/Src/gpio.c.obj
 .debug_aranges
                0x00000050       0x60 CMakeFiles/dome.dir/Core/Src/stm32f1xx_it.c.obj
 .debug_aranges
                0x000000b0       0x20 CMakeFiles/dome.dir/Core/Src/stm32f1xx_hal_msp.c.obj
 .debug_aranges
                0x000000d0       0x20 CMakeFiles/dome.dir/Core/Src/sysmem.c.obj
 .debug_aranges
                0x000000f0       0xa8 CMakeFiles/dome.dir/Core/Src/syscalls.c.obj
 .debug_aranges
                0x00000198       0x28 CMakeFiles/dome.dir/startup_stm32f103xb.s.obj
 .debug_aranges
                0x000001c0       0x28 cmake/stm32cubemx/CMakeFiles/STM32_Drivers.dir/__/__/Core/Src/system_stm32f1xx.c.obj
 .debug_aranges
                0x000001e8       0xe0 cmake/stm32cubemx/CMakeFiles/STM32_Drivers.dir/__/__/Drivers/STM32F1xx_HAL_Driver/Src/stm32f1xx_hal.c.obj
 .debug_aranges
                0x000002c8       0x90 cmake/stm32cubemx/CMakeFiles/STM32_Drivers.dir/__/__/Drivers/STM32F1xx_HAL_Driver/Src/stm32f1xx_hal_rcc.c.obj
 .debug_aranges
                0x00000358       0x58 cmake/stm32cubemx/CMakeFiles/STM32_Drivers.dir/__/__/Drivers/STM32F1xx_HAL_Driver/Src/stm32f1xx_hal_gpio.c.obj
 .debug_aranges
                0x000003b0      0x100 cmake/stm32cubemx/CMakeFiles/STM32_Drivers.dir/__/__/Drivers/STM32F1xx_HAL_Driver/Src/stm32f1xx_hal_cortex.c.obj

.debug_rnglists
                0x00000000      0x350
 .debug_rnglists
                0x00000000       0x1f CMakeFiles/dome.dir/Core/Src/main.c.obj
 .debug_rnglists
                0x0000001f       0x13 CMakeFiles/dome.dir/Core/Src/gpio.c.obj
 .debug_rnglists
                0x00000032       0x43 CMakeFiles/dome.dir/Core/Src/stm32f1xx_it.c.obj
 .debug_rnglists
                0x00000075       0x13 CMakeFiles/dome.dir/Core/Src/stm32f1xx_hal_msp.c.obj
 .debug_rnglists
                0x00000088       0x13 CMakeFiles/dome.dir/Core/Src/sysmem.c.obj
 .debug_rnglists
                0x0000009b       0x79 CMakeFiles/dome.dir/Core/Src/syscalls.c.obj
 .debug_rnglists
                0x00000114       0x19 CMakeFiles/dome.dir/startup_stm32f103xb.s.obj
 .debug_rnglists
                0x0000012d       0x1a cmake/stm32cubemx/CMakeFiles/STM32_Drivers.dir/__/__/Core/Src/system_stm32f1xx.c.obj
 .debug_rnglists
                0x00000147       0xa3 cmake/stm32cubemx/CMakeFiles/STM32_Drivers.dir/__/__/Drivers/STM32F1xx_HAL_Driver/Src/stm32f1xx_hal.c.obj
 .debug_rnglists
                0x000001ea       0x6c cmake/stm32cubemx/CMakeFiles/STM32_Drivers.dir/__/__/Drivers/STM32F1xx_HAL_Driver/Src/stm32f1xx_hal_rcc.c.obj
 .debug_rnglists
                0x00000256       0x3f cmake/stm32cubemx/CMakeFiles/STM32_Drivers.dir/__/__/Drivers/STM32F1xx_HAL_Driver/Src/stm32f1xx_hal_gpio.c.obj
 .debug_rnglists
                0x00000295       0xbb cmake/stm32cubemx/CMakeFiles/STM32_Drivers.dir/__/__/Drivers/STM32F1xx_HAL_Driver/Src/stm32f1xx_hal_cortex.c.obj

.debug_macro    0x00000000    0x173c9
 .debug_macro   0x00000000      0x1a1 CMakeFiles/dome.dir/Core/Src/main.c.obj
 .debug_macro   0x000001a1      0xacc CMakeFiles/dome.dir/Core/Src/main.c.obj
 .debug_macro   0x00000c6d      0x20f CMakeFiles/dome.dir/Core/Src/main.c.obj
 .debug_macro   0x00000e7c       0x2e CMakeFiles/dome.dir/Core/Src/main.c.obj
 .debug_macro   0x00000eaa       0x22 CMakeFiles/dome.dir/Core/Src/main.c.obj
 .debug_macro   0x00000ecc       0x22 CMakeFiles/dome.dir/Core/Src/main.c.obj
 .debug_macro   0x00000eee       0x8e CMakeFiles/dome.dir/Core/Src/main.c.obj
 .debug_macro   0x00000f7c       0x51 CMakeFiles/dome.dir/Core/Src/main.c.obj
 .debug_macro   0x00000fcd      0x103 CMakeFiles/dome.dir/Core/Src/main.c.obj
 .debug_macro   0x000010d0       0x6a CMakeFiles/dome.dir/Core/Src/main.c.obj
 .debug_macro   0x0000113a      0x1df CMakeFiles/dome.dir/Core/Src/main.c.obj
 .debug_macro   0x00001319       0x1c CMakeFiles/dome.dir/Core/Src/main.c.obj
 .debug_macro   0x00001335       0x22 CMakeFiles/dome.dir/Core/Src/main.c.obj
 .debug_macro   0x00001357       0xbd CMakeFiles/dome.dir/Core/Src/main.c.obj
 .debug_macro   0x00001414      0xd23 CMakeFiles/dome.dir/Core/Src/main.c.obj
 .debug_macro   0x00002137     0xe09e CMakeFiles/dome.dir/Core/Src/main.c.obj
 .debug_macro   0x000101d5       0x6d CMakeFiles/dome.dir/Core/Src/main.c.obj
 .debug_macro   0x00010242     0x34a2 CMakeFiles/dome.dir/Core/Src/main.c.obj
 .debug_macro   0x000136e4      0x190 CMakeFiles/dome.dir/Core/Src/main.c.obj
 .debug_macro   0x00013874       0x5c CMakeFiles/dome.dir/Core/Src/main.c.obj
 .debug_macro   0x000138d0      0x5bc CMakeFiles/dome.dir/Core/Src/main.c.obj
 .debug_macro   0x00013e8c      0x289 CMakeFiles/dome.dir/Core/Src/main.c.obj
 .debug_macro   0x00014115      0x1cb CMakeFiles/dome.dir/Core/Src/main.c.obj
 .debug_macro   0x000142e0      0x114 CMakeFiles/dome.dir/Core/Src/main.c.obj
 .debug_macro   0x000143f4      0x1b2 CMakeFiles/dome.dir/Core/Src/main.c.obj
 .debug_macro   0x000145a6       0x27 CMakeFiles/dome.dir/Core/Src/main.c.obj
 .debug_macro   0x000145cd      0x136 CMakeFiles/dome.dir/Core/Src/main.c.obj
 .debug_macro   0x00014703      0x1bc CMakeFiles/dome.dir/Core/Src/main.c.obj
 .debug_macro   0x000148bf       0x34 CMakeFiles/dome.dir/Core/Src/main.c.obj
 .debug_macro   0x000148f3       0x3c CMakeFiles/dome.dir/Core/Src/main.c.obj
 .debug_macro   0x0001492f       0x57 CMakeFiles/dome.dir/Core/Src/main.c.obj
 .debug_macro   0x00014986       0x87 CMakeFiles/dome.dir/Core/Src/main.c.obj
 .debug_macro   0x00014a0d      0x240 CMakeFiles/dome.dir/Core/Src/main.c.obj
 .debug_macro   0x00014c4d      0x140 CMakeFiles/dome.dir/Core/Src/main.c.obj
 .debug_macro   0x00014d8d       0x83 CMakeFiles/dome.dir/Core/Src/main.c.obj
 .debug_macro   0x00014e10       0x10 CMakeFiles/dome.dir/Core/Src/main.c.obj
 .debug_macro   0x00014e20      0x19d CMakeFiles/dome.dir/Core/Src/gpio.c.obj
 .debug_macro   0x00014fbd      0x19d CMakeFiles/dome.dir/Core/Src/stm32f1xx_it.c.obj
 .debug_macro   0x0001515a      0x193 CMakeFiles/dome.dir/Core/Src/stm32f1xx_hal_msp.c.obj
 .debug_macro   0x000152ed       0xff CMakeFiles/dome.dir/Core/Src/sysmem.c.obj
 .debug_macro   0x000153ec       0x10 CMakeFiles/dome.dir/Core/Src/sysmem.c.obj
 .debug_macro   0x000153fc       0x75 CMakeFiles/dome.dir/Core/Src/sysmem.c.obj
 .debug_macro   0x00015471       0x24 CMakeFiles/dome.dir/Core/Src/sysmem.c.obj
 .debug_macro   0x00015495       0x94 CMakeFiles/dome.dir/Core/Src/sysmem.c.obj
 .debug_macro   0x00015529       0x3c CMakeFiles/dome.dir/Core/Src/sysmem.c.obj
 .debug_macro   0x00015565       0x34 CMakeFiles/dome.dir/Core/Src/sysmem.c.obj
 .debug_macro   0x00015599       0x57 CMakeFiles/dome.dir/Core/Src/sysmem.c.obj
 .debug_macro   0x000155f0      0x364 CMakeFiles/dome.dir/Core/Src/sysmem.c.obj
 .debug_macro   0x00015954       0x16 CMakeFiles/dome.dir/Core/Src/sysmem.c.obj
 .debug_macro   0x0001596a       0x4a CMakeFiles/dome.dir/Core/Src/sysmem.c.obj
 .debug_macro   0x000159b4       0x34 CMakeFiles/dome.dir/Core/Src/sysmem.c.obj
 .debug_macro   0x000159e8       0x10 CMakeFiles/dome.dir/Core/Src/sysmem.c.obj
 .debug_macro   0x000159f8       0x58 CMakeFiles/dome.dir/Core/Src/sysmem.c.obj
 .debug_macro   0x00015a50      0x1e5 CMakeFiles/dome.dir/Core/Src/sysmem.c.obj
 .debug_macro   0x00015c35      0x23c CMakeFiles/dome.dir/Core/Src/sysmem.c.obj
 .debug_macro   0x00015e71      0x265 CMakeFiles/dome.dir/Core/Src/syscalls.c.obj
 .debug_macro   0x000160d6       0x10 CMakeFiles/dome.dir/Core/Src/syscalls.c.obj
 .debug_macro   0x000160e6       0x3c CMakeFiles/dome.dir/Core/Src/syscalls.c.obj
 .debug_macro   0x00016122       0x10 CMakeFiles/dome.dir/Core/Src/syscalls.c.obj
 .debug_macro   0x00016132       0x10 CMakeFiles/dome.dir/Core/Src/syscalls.c.obj
 .debug_macro   0x00016142       0x10 CMakeFiles/dome.dir/Core/Src/syscalls.c.obj
 .debug_macro   0x00016152       0x1c CMakeFiles/dome.dir/Core/Src/syscalls.c.obj
 .debug_macro   0x0001616e       0x52 CMakeFiles/dome.dir/Core/Src/syscalls.c.obj
 .debug_macro   0x000161c0       0x22 CMakeFiles/dome.dir/Core/Src/syscalls.c.obj
 .debug_macro   0x000161e2       0x10 CMakeFiles/dome.dir/Core/Src/syscalls.c.obj
 .debug_macro   0x000161f2       0x52 CMakeFiles/dome.dir/Core/Src/syscalls.c.obj
 .debug_macro   0x00016244       0xcf CMakeFiles/dome.dir/Core/Src/syscalls.c.obj
 .debug_macro   0x00016313       0x1c CMakeFiles/dome.dir/Core/Src/syscalls.c.obj
 .debug_macro   0x0001632f       0x3d CMakeFiles/dome.dir/Core/Src/syscalls.c.obj
 .debug_macro   0x0001636c       0x35 CMakeFiles/dome.dir/Core/Src/syscalls.c.obj
 .debug_macro   0x000163a1      0x12c CMakeFiles/dome.dir/Core/Src/syscalls.c.obj
 .debug_macro   0x000164cd       0x16 CMakeFiles/dome.dir/Core/Src/syscalls.c.obj
 .debug_macro   0x000164e3       0x16 CMakeFiles/dome.dir/Core/Src/syscalls.c.obj
 .debug_macro   0x000164f9       0x29 CMakeFiles/dome.dir/Core/Src/syscalls.c.obj
 .debug_macro   0x00016522      0x242 CMakeFiles/dome.dir/Core/Src/syscalls.c.obj
 .debug_macro   0x00016764       0x1c CMakeFiles/dome.dir/Core/Src/syscalls.c.obj
 .debug_macro   0x00016780       0x10 CMakeFiles/dome.dir/Core/Src/syscalls.c.obj
 .debug_macro   0x00016790       0x10 CMakeFiles/dome.dir/Core/Src/syscalls.c.obj
 .debug_macro   0x000167a0       0x16 CMakeFiles/dome.dir/Core/Src/syscalls.c.obj
 .debug_macro   0x000167b6      0x170 CMakeFiles/dome.dir/Core/Src/syscalls.c.obj
 .debug_macro   0x00016926      0x18a CMakeFiles/dome.dir/Core/Src/syscalls.c.obj
 .debug_macro   0x00016ab0       0x16 CMakeFiles/dome.dir/Core/Src/syscalls.c.obj
 .debug_macro   0x00016ac6       0xce CMakeFiles/dome.dir/Core/Src/syscalls.c.obj
 .debug_macro   0x00016b94      0x184 cmake/stm32cubemx/CMakeFiles/STM32_Drivers.dir/__/__/Core/Src/system_stm32f1xx.c.obj
 .debug_macro   0x00016d18      0x1a8 cmake/stm32cubemx/CMakeFiles/STM32_Drivers.dir/__/__/Drivers/STM32F1xx_HAL_Driver/Src/stm32f1xx_hal.c.obj
 .debug_macro   0x00016ec0      0x196 cmake/stm32cubemx/CMakeFiles/STM32_Drivers.dir/__/__/Drivers/STM32F1xx_HAL_Driver/Src/stm32f1xx_hal_rcc.c.obj
 .debug_macro   0x00017056      0x1ef cmake/stm32cubemx/CMakeFiles/STM32_Drivers.dir/__/__/Drivers/STM32F1xx_HAL_Driver/Src/stm32f1xx_hal_gpio.c.obj
 .debug_macro   0x00017245      0x184 cmake/stm32cubemx/CMakeFiles/STM32_Drivers.dir/__/__/Drivers/STM32F1xx_HAL_Driver/Src/stm32f1xx_hal_cortex.c.obj

.debug_line     0x00000000     0x4efc
 .debug_line    0x00000000      0x60a CMakeFiles/dome.dir/Core/Src/main.c.obj
 .debug_line    0x0000060a      0x5a1 CMakeFiles/dome.dir/Core/Src/gpio.c.obj
 .debug_line    0x00000bab      0x643 CMakeFiles/dome.dir/Core/Src/stm32f1xx_it.c.obj
 .debug_line    0x000011ee      0x595 CMakeFiles/dome.dir/Core/Src/stm32f1xx_hal_msp.c.obj
 .debug_line    0x00001783      0x2ed CMakeFiles/dome.dir/Core/Src/sysmem.c.obj
 .debug_line    0x00001a70      0x611 CMakeFiles/dome.dir/Core/Src/syscalls.c.obj
 .debug_line    0x00002081       0x78 CMakeFiles/dome.dir/startup_stm32f103xb.s.obj
 .debug_line    0x000020f9      0x613 cmake/stm32cubemx/CMakeFiles/STM32_Drivers.dir/__/__/Core/Src/system_stm32f1xx.c.obj
 .debug_line    0x0000270c      0x844 cmake/stm32cubemx/CMakeFiles/STM32_Drivers.dir/__/__/Drivers/STM32F1xx_HAL_Driver/Src/stm32f1xx_hal.c.obj
 .debug_line    0x00002f50      0xcfd cmake/stm32cubemx/CMakeFiles/STM32_Drivers.dir/__/__/Drivers/STM32F1xx_HAL_Driver/Src/stm32f1xx_hal_rcc.c.obj
 .debug_line    0x00003c4d      0x8a1 cmake/stm32cubemx/CMakeFiles/STM32_Drivers.dir/__/__/Drivers/STM32F1xx_HAL_Driver/Src/stm32f1xx_hal_gpio.c.obj
 .debug_line    0x000044ee      0xa0e cmake/stm32cubemx/CMakeFiles/STM32_Drivers.dir/__/__/Drivers/STM32F1xx_HAL_Driver/Src/stm32f1xx_hal_cortex.c.obj

.debug_str      0x00000000    0x81173
 .debug_str     0x00000000    0x81173 CMakeFiles/dome.dir/Core/Src/main.c.obj
                              0x7af3a (size before relaxing)
 .debug_str     0x00081173    0x7ae71 CMakeFiles/dome.dir/Core/Src/gpio.c.obj
 .debug_str     0x00081173    0x7ae0e CMakeFiles/dome.dir/Core/Src/stm32f1xx_it.c.obj
 .debug_str     0x00081173    0x7adf9 CMakeFiles/dome.dir/Core/Src/stm32f1xx_hal_msp.c.obj
 .debug_str     0x00081173     0x70bf CMakeFiles/dome.dir/Core/Src/sysmem.c.obj
 .debug_str     0x00081173     0x93ba CMakeFiles/dome.dir/Core/Src/syscalls.c.obj
 .debug_str     0x00081173       0x86 CMakeFiles/dome.dir/startup_stm32f103xb.s.obj
 .debug_str     0x00081173    0x7ae0f cmake/stm32cubemx/CMakeFiles/STM32_Drivers.dir/__/__/Core/Src/system_stm32f1xx.c.obj
 .debug_str     0x00081173    0x7b542 cmake/stm32cubemx/CMakeFiles/STM32_Drivers.dir/__/__/Drivers/STM32F1xx_HAL_Driver/Src/stm32f1xx_hal.c.obj
 .debug_str     0x00081173    0x7b23e cmake/stm32cubemx/CMakeFiles/STM32_Drivers.dir/__/__/Drivers/STM32F1xx_HAL_Driver/Src/stm32f1xx_hal_rcc.c.obj
 .debug_str     0x00081173    0x7b195 cmake/stm32cubemx/CMakeFiles/STM32_Drivers.dir/__/__/Drivers/STM32F1xx_HAL_Driver/Src/stm32f1xx_hal_gpio.c.obj
 .debug_str     0x00081173    0x7b48e cmake/stm32cubemx/CMakeFiles/STM32_Drivers.dir/__/__/Drivers/STM32F1xx_HAL_Driver/Src/stm32f1xx_hal_cortex.c.obj

.debug_frame    0x00000000      0xfd0
 .debug_frame   0x00000000       0x68 CMakeFiles/dome.dir/Core/Src/main.c.obj
 .debug_frame   0x00000068       0x34 CMakeFiles/dome.dir/Core/Src/gpio.c.obj
 .debug_frame   0x0000009c      0x104 CMakeFiles/dome.dir/Core/Src/stm32f1xx_it.c.obj
 .debug_frame   0x000001a0       0x38 CMakeFiles/dome.dir/Core/Src/stm32f1xx_hal_msp.c.obj
 .debug_frame   0x000001d8       0x34 CMakeFiles/dome.dir/Core/Src/sysmem.c.obj
 .debug_frame   0x0000020c      0x2ac CMakeFiles/dome.dir/Core/Src/syscalls.c.obj
 .debug_frame   0x000004b8       0x58 cmake/stm32cubemx/CMakeFiles/STM32_Drivers.dir/__/__/Core/Src/system_stm32f1xx.c.obj
 .debug_frame   0x00000510      0x334 cmake/stm32cubemx/CMakeFiles/STM32_Drivers.dir/__/__/Drivers/STM32F1xx_HAL_Driver/Src/stm32f1xx_hal.c.obj
 .debug_frame   0x00000844      0x218 cmake/stm32cubemx/CMakeFiles/STM32_Drivers.dir/__/__/Drivers/STM32F1xx_HAL_Driver/Src/stm32f1xx_hal_rcc.c.obj
 .debug_frame   0x00000a5c      0x14c cmake/stm32cubemx/CMakeFiles/STM32_Drivers.dir/__/__/Drivers/STM32F1xx_HAL_Driver/Src/stm32f1xx_hal_gpio.c.obj
 .debug_frame   0x00000ba8      0x428 cmake/stm32cubemx/CMakeFiles/STM32_Drivers.dir/__/__/Drivers/STM32F1xx_HAL_Driver/Src/stm32f1xx_hal_cortex.c.obj

.debug_line_str
                0x00000000       0x6a
 .debug_line_str
                0x00000000       0x6a CMakeFiles/dome.dir/startup_stm32f103xb.s.obj